Component: ARM Compiler 5.05 update 1 (build 106) Tool: armlink [4d0efa]

==============================================================================

Section Cross References

    main.o(i.main) refers to myfreertos.o(i.freeRTOS_Cmd) for freeRTOS_Cmd
    main.o(.constdata) refers to main.o(.conststring) for .conststring
    main.o(.constdata) refers to led.o(i.turn_on_all_led) for turn_on_all_led
    main.o(.constdata) refers to led.o(i.turn_off_all_led) for turn_off_all_led
    main.o(.constdata) refers to beep.o(i.beep_open) for beep_open
    main.o(.constdata) refers to beep.o(i.beep_close) for beep_close
    main.o(.constdata) refers to fan.o(i.fan_on) for fan_on
    main.o(.constdata) refers to fan.o(i.fan_off) for fan_off
    main.o(.constdata) refers to wifi.o(i.wifi_connect) for wifi_connect
    main.o(.constdata) refers to wifi.o(i.wifi_disconnect) for wifi_disconnect
    main.o(.constdata) refers to max30102.o(i.get_SpO2) for get_SpO2
    main.o(.constdata) refers to max30102.o(i.shut_down) for shut_down
    main.o(.constdata) refers to sg90.o(i.stand_action) for stand_action
    main.o(.constdata) refers to sg90.o(i.forward_action) for forward_action
    main.o(.constdata) refers to sg90.o(i.turn_left_action) for turn_left_action
    main.o(.constdata) refers to sg90.o(i.turn_right_action) for turn_right_action
    main.o(.constdata) refers to sg90.o(i.seat_squat_action) for seat_squat_action
    main.o(.constdata) refers to sg90.o(i.back_action) for back_action
    stm32f4xx_it.o(i.EXTI9_5_IRQHandler) refers to tasks.o(i.xTaskGetTickCountFromISR) for xTaskGetTickCountFromISR
    stm32f4xx_it.o(i.EXTI9_5_IRQHandler) refers to stm32f4xx_exti.o(i.EXTI_GetITStatus) for EXTI_GetITStatus
    stm32f4xx_it.o(i.EXTI9_5_IRQHandler) refers to stm32f4xx_exti.o(i.EXTI_ClearITPendingBit) for EXTI_ClearITPendingBit
    stm32f4xx_it.o(i.EXTI9_5_IRQHandler) refers to tasks.o(i.xTaskGenericNotifyFromISR) for xTaskGenericNotifyFromISR
    stm32f4xx_it.o(i.EXTI9_5_IRQHandler) refers to stm32f4xx_it.o(.data) for last_interrupt_time
    stm32f4xx_it.o(i.EXTI9_5_IRQHandler) refers to myfreertos.o(.data) for KEY_DETECT_TASK
    stm32f4xx_it.o(i.I2C1_EV_IRQHandler) refers to stm32f4xx_i2c.o(i.I2C_GetITStatus) for I2C_GetITStatus
    stm32f4xx_it.o(i.I2C1_EV_IRQHandler) refers to stm32f4xx_i2c.o(i.I2C_ClearITPendingBit) for I2C_ClearITPendingBit
    stm32f4xx_it.o(i.I2C1_EV_IRQHandler) refers to stm32f4xx_i2c.o(i.I2C_ReceiveData) for I2C_ReceiveData
    stm32f4xx_it.o(i.I2C1_EV_IRQHandler) refers to stm32f4xx_usart.o(i.USART_SendData) for USART_SendData
    stm32f4xx_it.o(i.TIM2_IRQHandler) refers to stm32f4xx_tim.o(i.TIM_GetITStatus) for TIM_GetITStatus
    stm32f4xx_it.o(i.TIM2_IRQHandler) refers to stm32f4xx_tim.o(i.TIM_ClearITPendingBit) for TIM_ClearITPendingBit
    stm32f4xx_it.o(i.TIM2_IRQHandler) refers to tasks.o(i.xTaskGenericNotifyFromISR) for xTaskGenericNotifyFromISR
    stm32f4xx_it.o(i.TIM2_IRQHandler) refers to myfreertos.o(.data) for SHT20_TASK
    stm32f4xx_it.o(i.TIM4_IRQHandler) refers to stm32f4xx_tim.o(i.TIM_GetITStatus) for TIM_GetITStatus
    stm32f4xx_it.o(i.TIM4_IRQHandler) refers to stm32f4xx_tim.o(i.TIM_ClearITPendingBit) for TIM_ClearITPendingBit
    stm32f4xx_it.o(i.TIM4_IRQHandler) refers to stm32f4xx_spi.o(i.SPI_I2S_GetFlagStatus) for SPI_I2S_GetFlagStatus
    stm32f4xx_it.o(i.TIM4_IRQHandler) refers to stm32f4xx_spi.o(i.SPI_I2S_ClearFlag) for SPI_I2S_ClearFlag
    stm32f4xx_it.o(i.TIM4_IRQHandler) refers to m74hc595.o(.data) for display_flg
    stm32f4xx_it.o(i.TIM7_IRQHandler) refers to stm32f4xx_tim.o(i.TIM_GetITStatus) for TIM_GetITStatus
    stm32f4xx_it.o(i.TIM7_IRQHandler) refers to stm32f4xx_tim.o(i.TIM_ClearITPendingBit) for TIM_ClearITPendingBit
    stm32f4xx_it.o(i.TIM7_IRQHandler) refers to wifi.o(.bss) for wb
    stm32f4xx_it.o(i.USART2_IRQHandler) refers to stm32f4xx_usart.o(i.USART_GetITStatus) for USART_GetITStatus
    stm32f4xx_it.o(i.USART2_IRQHandler) refers to stm32f4xx_usart.o(i.USART_ClearITPendingBit) for USART_ClearITPendingBit
    stm32f4xx_it.o(i.USART2_IRQHandler) refers to stm32f4xx_usart.o(i.USART_ReceiveData) for USART_ReceiveData
    stm32f4xx_it.o(i.USART2_IRQHandler) refers to stm32f4xx_usart.o(i.USART_SendData) for USART_SendData
    stm32f4xx_it.o(i.USART2_IRQHandler) refers to tasks.o(i.xTaskGenericNotifyFromISR) for xTaskGenericNotifyFromISR
    stm32f4xx_it.o(i.USART2_IRQHandler) refers to asrpro.o(.bss) for asr
    stm32f4xx_it.o(i.USART2_IRQHandler) refers to myfreertos.o(.data) for ASRPRO_CTRL_TASK
    stm32f4xx_it.o(i.USART3_IRQHandler) refers to stm32f4xx_usart.o(i.USART_GetITStatus) for USART_GetITStatus
    stm32f4xx_it.o(i.USART3_IRQHandler) refers to stm32f4xx_usart.o(i.USART_ClearITPendingBit) for USART_ClearITPendingBit
    stm32f4xx_it.o(i.USART3_IRQHandler) refers to stm32f4xx_usart.o(i.USART_ReceiveData) for USART_ReceiveData
    stm32f4xx_it.o(i.USART3_IRQHandler) refers to stm32f4xx_usart.o(i.USART_SendData) for USART_SendData
[...]
    xStart                                   0x20000970   Data           8  heap_4.o(.data)
    pxEnd                                    0x20000978   Data           4  heap_4.o(.data)
    xFreeBytesRemaining                      0x2000097c   Data           4  heap_4.o(.data)
    xMinimumEverFreeBytesRemaining           0x20000980   Data           4  heap_4.o(.data)
    xNumberOfSuccessfulAllocations           0x20000984   Data           4  heap_4.o(.data)
    xNumberOfSuccessfulFrees                 0x20000988   Data           4  heap_4.o(.data)
    xBlockAllocatedBit                       0x2000098c   Data           4  heap_4.o(.data)
    .data                                    0x20000990   Section       12  port.o(.data)
    uxCriticalNesting                        0x20000990   Data           4  port.o(.data)
    ucMaxSysCallPriority                     0x20000994   Data           1  port.o(.data)
    ulMaxPRIGROUPValue                       0x20000998   Data           4  port.o(.data)
    .data                                    0x2000099c   Section        4  stdout.o(.data)
    .bss                                     0x200009a0   Section       32  main.o(.bss)
    .bss                                     0x200009c0   Section     4000  max30102.o(.bss)
    .bss                                     0x20001960   Section       16  sht20.o(.bss)
    .bss                                     0x20001970   Section      116  wifi.o(.bss)
    .bss                                     0x200019e4   Section      260  asrpro.o(.bss)
    .bss                                     0x20001ae8   Section     5984  algorithm.o(.bss)
    an_dx                                    0x20001ae8   Data        1984  algorithm.o(.bss)
    an_x                                     0x200022a8   Data        2000  algorithm.o(.bss)
    an_y                                     0x20002a78   Data        2000  algorithm.o(.bss)
    .bss                                     0x20003248   Section       64  queue.o(.bss)
    .bss                                     0x20003288   Section      220  tasks.o(.bss)
    pxReadyTasksLists                        0x20003288   Data         120  tasks.o(.bss)
    xDelayedTaskList1                        0x20003300   Data          20  tasks.o(.bss)
    xDelayedTaskList2                        0x20003314   Data          20  tasks.o(.bss)
    xPendingReadyList                        0x20003328   Data          20  tasks.o(.bss)
    xTasksWaitingTermination                 0x2000333c   Data          20  tasks.o(.bss)
    xSuspendedTaskList                       0x20003350   Data          20  tasks.o(.bss)
    .bss                                     0x20003364   Section       40  timers.o(.bss)
    xActiveTimerList1                        0x20003364   Data          20  timers.o(.bss)
    xActiveTimerList2                        0x20003378   Data          20  timers.o(.bss)
    .bss                                     0x2000338c   Section    76800  heap_4.o(.bss)
    ucHeap                                   0x2000338c   Data       76800  heap_4.o(.bss)
    STACK                                    0x20015f90   Section     1024  startup_stm32f40_41xxx.o(STACK)

    Global Symbols

    Symbol Name                              Value     Ov Type        Size  Object(Section)

    BuildAttributes$$THM_ISAv4$E$P$D$K$B$S$7EM$VFPi3$EXTD16$VFPS$VFMA$PE$A:L22UL41UL21$X:L11$S22US41US21$IEEE1$IW$USESV6$~STKCKD$USESV7$~SHL$OTIME$ROPI$EBA8$MICROLIB$REQ8$PRES8$EABIv2 0x00000000   Number         0  anon$$obj.o ABSOLUTE
    __ARM_use_no_argv                        0x00000000   Number         0  main.o ABSOLUTE
    _printf_a                                0x00000000   Number         0  stubs.o ABSOLUTE
    _printf_c                                0x00000000   Number         0  stubs.o ABSOLUTE
    _printf_charcount                        0x00000000   Number         0  stubs.o ABSOLUTE
    _printf_d                                0x00000000   Number         0  stubs.o ABSOLUTE
    _printf_e                                0x00000000   Number         0  stubs.o ABSOLUTE
    _printf_f                                0x00000000   Number         0  stubs.o ABSOLUTE
    _printf_flags                            0x00000000   Number         0  stubs.o ABSOLUTE
    _printf_fp_dec                           0x00000000   Number         0  stubs.o ABSOLUTE
    _printf_fp_hex                           0x00000000   Number         0  stubs.o ABSOLUTE
    _printf_g                                0x00000000   Number         0  stubs.o ABSOLUTE
    _printf_i                                0x00000000   Number         0  stubs.o ABSOLUTE
    _printf_int_dec                          0x00000000   Number         0  stubs.o ABSOLUTE
    _printf_l                                0x00000000   Number         0  stubs.o ABSOLUTE
    _printf_lc                               0x00000000   Number         0  stubs.o ABSOLUTE
    _printf_ll                               0x00000000   Number         0  stubs.o ABSOLUTE
    _printf_lld                              0x00000000   Number         0  stubs.o ABSOLUTE
    _printf_lli                              0x00000000   Number         0  stubs.o ABSOLUTE
    _printf_llo                              0x00000000   Number         0  stubs.o ABSOLUTE
    _printf_llu                              0x00000000   Number         0  stubs.o ABSOLUTE
    _printf_llx                              0x00000000   Number         0  stubs.o ABSOLUTE
    _printf_longlong_dec                     0x00000000   Number         0  stubs.o ABSOLUTE
    _printf_longlong_hex                     0x00000000   Number         0  stubs.o ABSOLUTE
    _printf_longlong_oct                     0x00000000   Number         0  stubs.o ABSOLUTE
    _printf_ls                               0x00000000   Number         0  stubs.o ABSOLUTE
    _printf_mbtowc                           0x00000000   Number         0  stubs.o ABSOLUTE
    _printf_n                                0x00000000   Number         0  stubs.o ABSOLUTE
    _printf_o                                0x00000000   Number         0  stubs.o ABSOLUTE
    _printf_p                                0x00000000   Number         0  stubs.o ABSOLUTE
    _printf_percent                          0x00000000   Number         0  stubs.o ABSOLUTE
    _printf_pre_padding                      0x00000000   Number         0  stubs.o ABSOLUTE
    _printf_return_value                     0x00000000   Number         0  stubs.o ABSOLUTE
    _printf_s                                0x00000000   Number         0  stubs.o ABSOLUTE
    _printf_sizespec                         0x00000000   Number         0  stubs.o ABSOLUTE
    _printf_str                              0x00000000   Number         0  stubs.o ABSOLUTE
    _printf_truncate_signed                  0x00000000   Number         0  stubs.o ABSOLUTE
    _printf_truncate_unsigned                0x00000000   Number         0  stubs.o ABSOLUTE
    _printf_u                                0x00000000   Number         0  stubs.o ABSOLUTE
    _printf_wc                               0x00000000   Number         0  stubs.o ABSOLUTE
    _printf_wctomb                           0x00000000   Number         0  stubs.o ABSOLUTE
    _printf_widthprec                        0x00000000   Number         0  stubs.o ABSOLUTE
    _printf_x                                0x00000000   Number         0  stubs.o ABSOLUTE
    __cpp_initialize__aeabi_                  - Undefined Weak Reference
    __cxa_finalize                            - Undefined Weak Reference
    _clock_init                               - Undefined Weak Reference
    _microlib_exit                            - Undefined Weak Reference
    _scanf_int                                - Undefined Weak Reference
    _scanf_longlong                           - Undefined Weak Reference
    _scanf_real                               - Undefined Weak Reference
    __Vectors_Size                           0x00000188   Number         0  startup_stm32f40_41xxx.o ABSOLUTE
    __Vectors                                0x08000000   Data           4  startup_stm32f40_41xxx.o(RESET)
    __Vectors_End                            0x08000188   Data           0  startup_stm32f40_41xxx.o(RESET)
    __main                                   0x08000189   Thumb Code     0  entry.o(.ARM.Collect$$$$00000000)
    _main_stk                                0x08000189   Thumb Code     0  entry2.o(.ARM.Collect$$$$00000001)
    _main_scatterload                        0x0800018d   Thumb Code     0  entry5.o(.ARM.Collect$$$$00000004)
    __main_after_scatterload                 0x08000191   Thumb Code     0  entry5.o(.ARM.Collect$$$$00000004)
    _main_clock                              0x08000191   Thumb Code     0  entry7b.o(.ARM.Collect$$$$00000008)
    _main_cpp_init                           0x08000191   Thumb Code     0  entry8b.o(.ARM.Collect$$$$0000000A)
    _main_init                               0x08000191   Thumb Code     0  entry9a.o(.ARM.Collect$$$$0000000B)
    __rt_final_cpp                           0x08000199   Thumb Code     0  entry10a.o(.ARM.Collect$$$$0000000D)
    __rt_final_exit                          0x08000199   Thumb Code     0  entry11a.o(.ARM.Collect$$$$0000000F)
    SVC_Handler                              0x0800019d   Thumb Code    28  port.o(.emb_text)
    __asm___6_port_c_39a90d8d__prvStartFirstTask 0x080001bd   Thumb Code    36  port.o(.emb_text)
    __asm___6_port_c_39a90d8d__prvEnableVFP  0x080001e5   Thumb Code    16  port.o(.emb_text)
    PendSV_Handler                           0x080001f9   Thumb Code    88  port.o(.emb_text)
    vPortGetIPSR                             0x08000255   Thumb Code     6  port.o(.emb_text)
    Reset_Handler                            0x0800025d   Thumb Code     8  startup_stm32f40_41xxx.o(.text)
    ADC_IRQHandler                           0x08000277   Thumb Code     0  startup_stm32f40_41xxx.o(.text)
    CAN1_RX0_IRQHandler                      0x08000277   Thumb Code     0  startup_stm32f40_41xxx.o(.text)
    CAN1_RX1_IRQHandler                      0x08000277   Thumb Code     0  startup_stm32f40_41xxx.o(.text)
    CAN1_SCE_IRQHandler                      0x08000277   Thumb Code     0  startup_stm32f40_41xxx.o(.text)
    CAN1_TX_IRQHandler                       0x08000277   Thumb Code     0  startup_stm32f40_41xxx.o(.text)
    CAN2_RX0_IRQHandler                      0x08000277   Thumb Code     0  startup_stm32f40_41xxx.o(.text)
    CAN2_RX1_IRQHandler                      0x08000277   Thumb Code     0  startup_stm32f40_41xxx.o(.text)
    CAN2_SCE_IRQHandler                      0x08000277   Thumb Code     0  startup_stm32f40_41xxx.o(.text)
    CAN2_TX_IRQHandler                       0x08000277   Thumb Code     0  startup_stm32f40_41xxx.o(.text)
    CRYP_IRQHandler                          0x08000277   Thumb Code     0  startup_stm32f40_41xxx.o(.text)
    DCMI_IRQHandler                          0x08000277   Thumb Code     0  startup_stm32f40_41xxx.o(.text)
    DMA1_Stream0_IRQHandler                  0x08000277   Thumb Code     0  startup_stm32f40_41xxx.o(.text)
    DMA1_Stream1_IRQHandler                  0x08000277   Thumb Code     0  startup_stm32f40_41xxx.o(.text)
    DMA1_Stream2_IRQHandler                  0x08000277   Thumb Code     0  startup_stm32f40_41xxx.o(.text)
    DMA1_Stream3_IRQHandler                  0x08000277   Thumb Code     0  startup_stm32f40_41xxx.o(.text)
    DMA1_Stream4_IRQHandler                  0x08000277   Thumb Code     0  startup_stm32f40_41xxx.o(.text)
    DMA1_Stream5_IRQHandler                  0x08000277   Thumb Code     0  startup_stm32f40_41xxx.o(.text)
    DMA1_Stream6_IRQHandler                  0x08000277   Thumb Code     0  startup_stm32f40_41xxx.o(.text)
    DMA1_Stream7_IRQHandler                  0x08000277   Thumb Code     0  startup_stm32f40_41xxx.o(.text)
    DMA2_Stream0_IRQHandler                  0x08000277   Thumb Code     0  startup_stm32f40_41xxx.o(.text)
    DMA2_Stream1_IRQHandler                  0x08000277   Thumb Code     0  startup_stm32f40_41xxx.o(.text)
    DMA2_Stream2_IRQHandler                  0x08000277   Thumb Code     0  startup_stm32f40_41xxx.o(.text)
    DMA2_Stream3_IRQHandler                  0x08000277   Thumb Code     0  startup_stm32f40_41xxx.o(.text)
    DMA2_Stream4_IRQHandler                  0x08000277   Thumb Code     0  startup_stm32f40_41xxx.o(.text)
    DMA2_Stream5_IRQHandler                  0x08000277   Thumb Code     0  startup_stm32f40_41xxx.o(.text)
    DMA2_Stream6_IRQHandler                  0x08000277   Thumb Code     0  startup_stm32f40_41xxx.o(.text)
    DMA2_Stream7_IRQHandler                  0x08000277   Thumb Code     0  startup_stm32f40_41xxx.o(.text)
    ETH_IRQHandler                           0x08000277   Thumb Code     0  startup_stm32f40_41xxx.o(.text)
    ETH_WKUP_IRQHandler                      0x08000277   Thumb Code     0  startup_stm32f40_41xxx.o(.text)
    EXTI0_IRQHandler                         0x08000277   Thumb Code     0  startup_stm32f40_41xxx.o(.text)
    EXTI15_10_IRQHandler                     0x08000277   Thumb Code     0  startup_stm32f40_41xxx.o(.text)
    EXTI1_IRQHandler                         0x08000277   Thumb Code     0  startup_stm32f40_41xxx.o(.text)
    EXTI2_IRQHandler                         0x08000277   Thumb Code     0  startup_stm32f40_41xxx.o(.text)
    EXTI3_IRQHandler                         0x08000277   Thumb Code     0  startup_stm32f40_41xxx.o(.text)
    EXTI4_IRQHandler                         0x08000277   Thumb Code     0  startup_stm32f40_41xxx.o(.text)
    FLASH_IRQHandler                         0x08000277   Thumb Code     0  startup_stm32f40_41xxx.o(.text)
    FPU_IRQHandler                           0x08000277   Thumb Code     0  startup_stm32f40_41xxx.o(.text)
    FSMC_IRQHandler                          0x08000277   Thumb Code     0  startup_stm32f40_41xxx.o(.text)
    HASH_RNG_IRQHandler                      0x08000277   Thumb Code     0  startup_stm32f40_41xxx.o(.text)
    I2C1_ER_IRQHandler                       0x08000277   Thumb Code     0  startup_stm32f40_41xxx.o(.text)
    I2C2_ER_IRQHandler                       0x08000277   Thumb Code     0  startup_stm32f40_41xxx.o(.text)
    I2C2_EV_IRQHandler                       0x08000277   Thumb Code     0  startup_stm32f40_41xxx.o(.text)
    I2C3_ER_IRQHandler                       0x08000277   Thumb Code     0  startup_stm32f40_41xxx.o(.text)
    I2C3_EV_IRQHandler                       0x08000277   Thumb Code     0  startup_stm32f40_41xxx.o(.text)
    OTG_FS_IRQHandler                        0x08000277   Thumb Code     0  startup_stm32f40_41xxx.o(.text)
    OTG_FS_WKUP_IRQHandler                   0x08000277   Thumb Code     0  startup_stm32f40_41xxx.o(.text)
    OTG_HS_EP1_IN_IRQHandler                 0x08000277   Thumb Code     0  startup_stm32f40_41xxx.o(.text)
    OTG_HS_EP1_OUT_IRQHandler                0x08000277   Thumb Code     0  startup_stm32f40_41xxx.o(.text)
    OTG_HS_IRQHandler                        0x08000277   Thumb Code     0  startup_stm32f40_41xxx.o(.text)
    OTG_HS_WKUP_IRQHandler                   0x08000277   Thumb Code     0  startup_stm32f40_41xxx.o(.text)
    PVD_IRQHandler                           0x08000277   Thumb Code     0  startup_stm32f40_41xxx.o(.text)
    RCC_IRQHandler                           0x08000277   Thumb Code     0  startup_stm32f40_41xxx.o(.text)
    RTC_Alarm_IRQHandler                     0x08000277   Thumb Code     0  startup_stm32f40_41xxx.o(.text)
    RTC_WKUP_IRQHandler                      0x08000277   Thumb Code     0  startup_stm32f40_41xxx.o(.text)
    SDIO_IRQHandler                          0x08000277   Thumb Code     0  startup_stm32f40_41xxx.o(.text)
    SPI1_IRQHandler                          0x08000277   Thumb Code     0  startup_stm32f40_41xxx.o(.text)
    SPI2_IRQHandler                          0x08000277   Thumb Code     0  startup_stm32f40_41xxx.o(.text)
    SPI3_IRQHandler                          0x08000277   Thumb Code     0  startup_stm32f40_41xxx.o(.text)
    TAMP_STAMP_IRQHandler                    0x08000277   Thumb Code     0  startup_stm32f40_41xxx.o(.text)
    TIM1_BRK_TIM9_IRQHandler                 0x08000277   Thumb Code     0  startup_stm32f40_41xxx.o(.text)
    TIM1_CC_IRQHandler                       0x08000277   Thumb Code     0  startup_stm32f40_41xxx.o(.text)
    TIM1_TRG_COM_TIM11_IRQHandler            0x08000277   Thumb Code     0  startup_stm32f40_41xxx.o(.text)
    TIM1_UP_TIM10_IRQHandler                 0x08000277   Thumb Code     0  startup_stm32f40_41xxx.o(.text)
    TIM3_IRQHandler                          0x08000277   Thumb Code     0  startup_stm32f40_41xxx.o(.text)
    TIM5_IRQHandler                          0x08000277   Thumb Code     0  startup_stm32f40_41xxx.o(.text)
    TIM6_DAC_IRQHandler                      0x08000277   Thumb Code     0  startup_stm32f40_41xxx.o(.text)
    TIM8_BRK_TIM12_IRQHandler                0x08000277   Thumb Code     0  startup_stm32f40_41xxx.o(.text)
    TIM8_CC_IRQHandler                       0x08000277   Thumb Code     0  startup_stm32f40_41xxx.o(.text)
    TIM8_TRG_COM_TIM14_IRQHandler            0x08000277   Thumb Code     0  startup_stm32f40_41xxx.o(.text)
    TIM8_UP_TIM13_IRQHandler                 0x08000277   Thumb Code     0  startup_stm32f40_41xxx.o(.text)
    UART4_IRQHandler                         0x08000277   Thumb Code     0  startup_stm32f40_41xxx.o(.text)
    UART5_IRQHandler                         0x08000277   Thumb Code     0  startup_stm32f40_41xxx.o(.text)
    USART1_IRQHandler                        0x08000277   Thumb Code     0  startup_stm32f40_41xxx.o(.text)
    WWDG_IRQHandler                          0x08000277   Thumb Code     0  startup_stm32f40_41xxx.o(.text)
    __rt_ctype_table                         0x08000281   Thumb Code     4  ctype_o.o(.text)
    isspace                                  0x08000289   Thumb Code    18  isspace_o.o(.text)
    __aeabi_memcpy                           0x0800029b   Thumb Code    36  memcpya.o(.text)
    __aeabi_memcpy4                          0x0800029b   Thumb Code     0  memcpya.o(.text)
    __aeabi_memcpy8                          0x0800029b   Thumb Code     0  memcpya.o(.text)
    __aeabi_memset                           0x080002bf   Thumb Code    14  memseta.o(.text)
    __aeabi_memset4                          0x080002bf   Thumb Code     0  memseta.o(.text)
    __aeabi_memset8                          0x080002bf   Thumb Code     0  memseta.o(.text)
    __aeabi_memclr                           0x080002cd   Thumb Code     4  memseta.o(.text)
    __aeabi_memclr4                          0x080002cd   Thumb Code     0  memseta.o(.text)
    __aeabi_memclr8                          0x080002cd   Thumb Code     0  memseta.o(.text)
    _memset$wrapper                          0x080002d1   Thumb Code    18  memseta.o(.text)
    strstr                                   0x080002e3   Thumb Code    36  strstr.o(.text)
    strlen                                   0x08000307   Thumb Code    14  strlen.o(.text)
    strcmp                                   0x08000315   Thumb Code    28  strcmp.o(.text)
    __0sscanf                                0x08000331   Thumb Code    48  __0sscanf.o(.text)
    _scanf_string                            0x08000369   Thumb Code   224  _scanf_str.o(.text)
    __aeabi_dadd                             0x08000449   Thumb Code   322  dadd.o(.text)
    __aeabi_dsub                             0x0800058b   Thumb Code     6  dadd.o(.text)
    __aeabi_drsub                            0x08000591   Thumb Code     6  dadd.o(.text)
    __aeabi_dmul                             0x08000597   Thumb Code   228  dmul.o(.text)
    __aeabi_ddiv                             0x0800067b   Thumb Code   222  ddiv.o(.text)
    __aeabi_f2d                              0x08000759   Thumb Code    38  f2d.o(.text)
    __aeabi_d2f                              0x0800077f   Thumb Code    56  d2f.o(.text)
    __aeabi_uidiv                            0x080007b7   Thumb Code     0  uidiv.o(.text)
    __aeabi_uidivmod                         0x080007b7   Thumb Code    44  uidiv.o(.text)
    __aeabi_uldivmod                         0x080007e3   Thumb Code    98  uldiv.o(.text)
    __aeabi_llsl                             0x08000845   Thumb Code    30  llshl.o(.text)
    _ll_shift_l                              0x08000845   Thumb Code     0  llshl.o(.text)
    __aeabi_lasr                             0x08000863   Thumb Code    36  llsshr.o(.text)
    _ll_sshift_r                             0x08000863   Thumb Code     0  llsshr.o(.text)
    __vfscanf_char                           0x08000895   Thumb Code    20  scanf_char.o(.text)
    _sgetc                                   0x080008b1   Thumb Code    30  _sgetc.o(.text)
    _sbackspace                              0x080008cf   Thumb Code    34  _sgetc.o(.text)
    __I$use$fp                               0x080008f1   Thumb Code     0  iusefp.o(.text)
    _float_round                             0x080008f1   Thumb Code    18  fepilogue.o(.text)
    _float_epilogue                          0x08000903   Thumb Code    92  fepilogue.o(.text)
    _double_round                            0x0800095f   Thumb Code    30  depilogue.o(.text)
    _double_epilogue                         0x0800097d   Thumb Code   156  depilogue.o(.text)
    __aeabi_d2ulz                            0x08000a19   Thumb Code    48  dfixul.o(.text)
    __aeabi_cdrcmple                         0x08000a49   Thumb Code    48  cdrcmple.o(.text)
    __scatterload                            0x08000a79   Thumb Code    28  init.o(.text)
    __scatterload_rt2                        0x08000a79   Thumb Code     0  init.o(.text)
    __aeabi_llsr                             0x08000a9d   Thumb Code    32  llushr.o(.text)
    _ll_ushift_r                             0x08000a9d   Thumb Code     0  llushr.o(.text)
    __vfscanf                                0x08000abd   Thumb Code   808  _scanf.o(.text)
    __decompress                             0x08000de9   Thumb Code     0  __dczerorl2.o(.text)
    __decompress1                            0x08000de9   Thumb Code    86  __dczerorl2.o(.text)
    ASRPRO_task                              0x08000e3f   Thumb Code    34  myfreertos.o(i.ASRPRO_task)
    BusFault_Handler                         0x08000e61   Thumb Code     4  stm32f4xx_it.o(i.BusFault_Handler)
    DebugMon_Handler                         0x08000e65   Thumb Code     2  stm32f4xx_it.o(i.DebugMon_Handler)
    ESP_12F_task                             0x08000e67   Thumb Code    56  myfreertos.o(i.ESP_12F_task)
    EXTI9_5_IRQHandler                       0x08000ea1   Thumb Code   212  stm32f4xx_it.o(i.EXTI9_5_IRQHandler)
    EXTI_ClearITPendingBit                   0x08000f81   Thumb Code     6  stm32f4xx_exti.o(i.EXTI_ClearITPendingBit)
    EXTI_GetITStatus                         0x08000f8d   Thumb Code    20  stm32f4xx_exti.o(i.EXTI_GetITStatus)
    EXTI_Init                                0x08000fa5   Thumb Code   142  stm32f4xx_exti.o(i.EXTI_Init)
    GPIO_Init                                0x08001039   Thumb Code   144  stm32f4xx_gpio.o(i.GPIO_Init)
    GPIO_PinAFConfig                         0x080010c9   Thumb Code    70  stm32f4xx_gpio.o(i.GPIO_PinAFConfig)
    GPIO_ResetBits                           0x0800110f   Thumb Code     4  stm32f4xx_gpio.o(i.GPIO_ResetBits)
    GPIO_SetBits                             0x08001113   Thumb Code     4  stm32f4xx_gpio.o(i.GPIO_SetBits)
    GPIO_ToggleBits                          0x08001117   Thumb Code     8  stm32f4xx_gpio.o(i.GPIO_ToggleBits)
    HardFault_Handler                        0x0800111f   Thumb Code     4  stm32f4xx_it.o(i.HardFault_Handler)
    I2C1_EV_IRQHandler                       0x08001125   Thumb Code    38  stm32f4xx_it.o(i.I2C1_EV_IRQHandler)
    I2C_AcknowledgeConfig                    0x08001159   Thumb Code    24  stm32f4xx_i2c.o(i.I2C_AcknowledgeConfig)
    I2C_CheckEvent                           0x08001171   Thumb Code    42  stm32f4xx_i2c.o(i.I2C_CheckEvent)
    I2C_ClearITPendingBit                    0x0800119b   Thumb Code    12  stm32f4xx_i2c.o(i.I2C_ClearITPendingBit)
    I2C_Cmd                                  0x080011a7   Thumb Code    24  stm32f4xx_i2c.o(i.I2C_Cmd)
    I2C_GenerateSTART                        0x080011bf   Thumb Code    24  stm32f4xx_i2c.o(i.I2C_GenerateSTART)
    I2C_GenerateSTOP                         0x080011d7   Thumb Code    24  stm32f4xx_i2c.o(i.I2C_GenerateSTOP)
    I2C_GetFlagStatus                        0x080011ef   Thumb Code    58  stm32f4xx_i2c.o(i.I2C_GetFlagStatus)
    I2C_GetITStatus                          0x08001229   Thumb Code    38  stm32f4xx_i2c.o(i.I2C_GetITStatus)
    I2C_Init                                 0x08001251   Thumb Code   218  stm32f4xx_i2c.o(i.I2C_Init)
    I2C_ReceiveData                          0x08001339   Thumb Code     8  stm32f4xx_i2c.o(i.I2C_ReceiveData)
    I2C_Send7bitAddress                      0x08001341   Thumb Code    16  stm32f4xx_i2c.o(i.I2C_Send7bitAddress)
    I2C_SendData                             0x08001351   Thumb Code     4  stm32f4xx_i2c.o(i.I2C_SendData)
    MAX30102_cmd                             0x08001355   Thumb Code   124  max30102.o(i.MAX30102_cmd)
    MemManage_Handler                        0x080013d5   Thumb Code     4  stm32f4xx_it.o(i.MemManage_Handler)
    NMI_Handler                              0x080013d9   Thumb Code     2  stm32f4xx_it.o(i.NMI_Handler)
    NVIC_Init                                0x080013dd   Thumb Code   106  misc.o(i.NVIC_Init)
    NVIC_PriorityGroupConfig                 0x08001455   Thumb Code    10  misc.o(i.NVIC_PriorityGroupConfig)
    Process_DataV1                           0x08001469   Thumb Code   280  sht20.o(i.Process_DataV1)
    RCC_AHB1PeriphClockCmd                   0x080015d9   Thumb Code    26  stm32f4xx_rcc.o(i.RCC_AHB1PeriphClockCmd)
    RCC_APB1PeriphClockCmd                   0x080015f9   Thumb Code    26  stm32f4xx_rcc.o(i.RCC_APB1PeriphClockCmd)
    RCC_APB2PeriphClockCmd                   0x08001619   Thumb Code    26  stm32f4xx_rcc.o(i.RCC_APB2PeriphClockCmd)
    RCC_GetClocksFreq                        0x08001639   Thumb Code   214  stm32f4xx_rcc.o(i.RCC_GetClocksFreq)
    Read_MAX30102_FIFO                       0x08001721   Thumb Code    94  max30102.o(i.Read_MAX30102_FIFO)
    Read_MAX30102_Reg                        0x0800177f   Thumb Code    14  max30102.o(i.Read_MAX30102_Reg)
    Read_MAX30102_Reg_BYTES                  0x0800178d   Thumb Code    22  max30102.o(i.Read_MAX30102_Reg_BYTES)
    Reset_MAX30102                           0x080017a3   Thumb Code    20  max30102.o(i.Reset_MAX30102)
    Reset_SHT20V1                            0x080017b7   Thumb Code    14  sht20.o(i.Reset_SHT20V1)
    SPI_Cmd                                  0x080017c5   Thumb Code    24  stm32f4xx_spi.o(i.SPI_Cmd)
    SPI_I2S_ClearFlag                        0x080017dd   Thumb Code     6  stm32f4xx_spi.o(i.SPI_I2S_ClearFlag)
    SPI_I2S_GetFlagStatus                    0x080017e3   Thumb Code    18  stm32f4xx_spi.o(i.SPI_I2S_GetFlagStatus)
    SPI_I2S_SendData                         0x080017f5   Thumb Code     4  stm32f4xx_spi.o(i.SPI_I2S_SendData)
    SPI_Init                                 0x080017f9   Thumb Code    60  stm32f4xx_spi.o(i.SPI_Init)
    ST7789V_config                           0x08001835   Thumb Code   114  lcd.o(i.ST7789V_config)
    SYSCFG_EXTILineConfig                    0x080018b5   Thumb Code    60  stm32f4xx_syscfg.o(i.SYSCFG_EXTILineConfig)
    Start_MAX30102_Sampling                  0x080019e1   Thumb Code    22  max30102.o(i.Start_MAX30102_Sampling)
    Stop_MAX30102_Sampling                   0x080019f7   Thumb Code    22  max30102.o(i.Stop_MAX30102_Sampling)
    SysTick_Handler                          0x08001a0d   Thumb Code    46  port.o(i.SysTick_Handler)
    SystemInit                               0x08001a41   Thumb Code    88  system_stm32f4xx.o(i.SystemInit)
    TIM2_IRQHandler                          0x08001aa9   Thumb Code    70  stm32f4xx_it.o(i.TIM2_IRQHandler)
    TIM4_IRQHandler                          0x08001af9   Thumb Code    52  stm32f4xx_it.o(i.TIM4_IRQHandler)
    TIM7_IRQHandler                          0x08001b39   Thumb Code    72  stm32f4xx_it.o(i.TIM7_IRQHandler)
    TIM_ARRPreloadConfig                     0x08001b89   Thumb Code    24  stm32f4xx_tim.o(i.TIM_ARRPreloadConfig)
    TIM_ClearFlag                            0x08001ba1   Thumb Code     6  stm32f4xx_tim.o(i.TIM_ClearFlag)
    TIM_ClearITPendingBit                    0x08001ba7   Thumb Code     6  stm32f4xx_tim.o(i.TIM_ClearITPendingBit)
    TIM_Cmd                                  0x08001bad   Thumb Code    24  stm32f4xx_tim.o(i.TIM_Cmd)
    TIM_CtrlPWMOutputs                       0x08001bc5   Thumb Code    30  stm32f4xx_tim.o(i.TIM_CtrlPWMOutputs)
    TIM_GetFlagStatus                        0x08001be3   Thumb Code    18  stm32f4xx_tim.o(i.TIM_GetFlagStatus)
    TIM_GetITStatus                          0x08001bf5   Thumb Code    34  stm32f4xx_tim.o(i.TIM_GetITStatus)
    TIM_ITConfig                             0x08001c17   Thumb Code    18  stm32f4xx_tim.o(i.TIM_ITConfig)
    TIM_OC1Init                              0x08001c29   Thumb Code   114  stm32f4xx_tim.o(i.TIM_OC1Init)
    TIM_OC1PreloadConfig                     0x08001ca5   Thumb Code    18  stm32f4xx_tim.o(i.TIM_OC1PreloadConfig)
    TIM_OC2Init                              0x08001cb9   Thumb Code   154  stm32f4xx_tim.o(i.TIM_OC2Init)
    TIM_OC2PreloadConfig                     0x08001d5d   Thumb Code    26  stm32f4xx_tim.o(i.TIM_OC2PreloadConfig)
    TIM_OC3Init                              0x08001d79   Thumb Code   150  stm32f4xx_tim.o(i.TIM_OC3Init)
    TIM_OC3PreloadConfig                     0x08001e19   Thumb Code    18  stm32f4xx_tim.o(i.TIM_OC3PreloadConfig)
    TIM_OC4Init                              0x08001e2d   Thumb Code   112  stm32f4xx_tim.o(i.TIM_OC4Init)
    TIM_OC4PreloadConfig                     0x08001ea5   Thumb Code    26  stm32f4xx_tim.o(i.TIM_OC4PreloadConfig)
    TIM_SetAutoreload                        0x08001ebf   Thumb Code     4  stm32f4xx_tim.o(i.TIM_SetAutoreload)
    TIM_SetCompare1                          0x08001ec3   Thumb Code     4  stm32f4xx_tim.o(i.TIM_SetCompare1)
    TIM_SetCompare2                          0x08001ec7   Thumb Code     4  stm32f4xx_tim.o(i.TIM_SetCompare2)
    TIM_SetCompare3                          0x08001ecb   Thumb Code     4  stm32f4xx_tim.o(i.TIM_SetCompare3)
    TIM_SetCompare4                          0x08001ecf   Thumb Code     4  stm32f4xx_tim.o(i.TIM_SetCompare4)
    TIM_SetCounter                           0x08001ed3   Thumb Code     4  stm32f4xx_tim.o(i.TIM_SetCounter)
    TIM_TimeBaseInit                         0x08001ed9   Thumb Code   104  stm32f4xx_tim.o(i.TIM_TimeBaseInit)
    USART2_IRQHandler                        0x08001f5d   Thumb Code   178  stm32f4xx_it.o(i.USART2_IRQHandler)
    USART3_IRQHandler                        0x08002025   Thumb Code   142  stm32f4xx_it.o(i.USART3_IRQHandler)
    USART6_IRQHandler                        0x080020cd   Thumb Code   100  stm32f4xx_it.o(i.USART6_IRQHandler)
    USART_ClearFlag                          0x08002141   Thumb Code    18  stm32f4xx_usart.o(i.USART_ClearFlag)
    USART_ClearITPendingBit                  0x08002153   Thumb Code    30  stm32f4xx_usart.o(i.USART_ClearITPendingBit)
    USART_Cmd                                0x08002171   Thumb Code    24  stm32f4xx_usart.o(i.USART_Cmd)
    USART_GetFlagStatus                      0x08002189   Thumb Code    26  stm32f4xx_usart.o(i.USART_GetFlagStatus)
    USART_GetITStatus                        0x080021a3   Thumb Code    84  stm32f4xx_usart.o(i.USART_GetITStatus)
    USART_ITConfig                           0x080021f7   Thumb Code    74  stm32f4xx_usart.o(i.USART_ITConfig)
    USART_Init                               0x08002241   Thumb Code   196  stm32f4xx_usart.o(i.USART_Init)
    USART_ReceiveData                        0x0800230d   Thumb Code    10  stm32f4xx_usart.o(i.USART_ReceiveData)
    USART_SendData                           0x08002317   Thumb Code     8  stm32f4xx_usart.o(i.USART_SendData)
    UsageFault_Handler                       0x0800231f   Thumb Code     4  stm32f4xx_it.o(i.UsageFault_Handler)
    Write_MAX30102_Reg                       0x08002323   Thumb Code    18  max30102.o(i.Write_MAX30102_Reg)
    __0printf                                0x08002335   Thumb Code    22  printfa.o(i.__0printf)
    __1printf                                0x08002335   Thumb Code     0  printfa.o(i.__0printf)
    __2printf                                0x08002335   Thumb Code     0  printfa.o(i.__0printf)
    __c89printf                              0x08002335   Thumb Code     0  printfa.o(i.__0printf)
    printf                                   0x08002335   Thumb Code     0  printfa.o(i.__0printf)
    __0sprintf                               0x08002355   Thumb Code    34  printfa.o(i.__0sprintf)
    __1sprintf                               0x08002355   Thumb Code     0  printfa.o(i.__0sprintf)
    __2sprintf                               0x08002355   Thumb Code     0  printfa.o(i.__0sprintf)
    __c89sprintf                             0x08002355   Thumb Code     0  printfa.o(i.__0sprintf)
    sprintf                                  0x08002355   Thumb Code     0  printfa.o(i.__0sprintf)
    __scatterload_copy                       0x0800237d   Thumb Code    14  handlers.o(i.__scatterload_copy)
    __scatterload_null                       0x0800238b   Thumb Code     2  handlers.o(i.__scatterload_null)
    __scatterload_zeroinit                   0x0800238d   Thumb Code    14  handlers.o(i.__scatterload_zeroinit)
    back_action                              0x08002c39   Thumb Code     8  sg90.o(i.back_action)
    beep_close                               0x08002c45   Thumb Code    14  beep.o(i.beep_close)
    beep_open                                0x08002c59   Thumb Code    14  beep.o(i.beep_open)
    clear_display                            0x08002c6d   Thumb Code    26  m74hc595.o(i.clear_display)
    connect_error                            0x08002c89   Thumb Code    46  wifi.o(i.connect_error)
    control_device                           0x08002cc5   Thumb Code   200  wifi.o(i.control_device)
    deal_with_asr                            0x08002ddd   Thumb Code   170  asrpro.o(i.deal_with_asr)
    delay_ms                                 0x08002eb9   Thumb Code    26  tim.o(i.delay_ms)
    delay_us                                 0x08002ed5   Thumb Code    68  tim.o(i.delay_us)
    digital_tube_refresh                     0x08002f1d   Thumb Code    82  m74hc595.o(i.digital_tube_refresh)
    digtal_display_task                      0x08002f85   Thumb Code    54  myfreertos.o(i.digtal_display_task)
    disconnect_error                         0x08002ff1   Thumb Code    46  wifi.o(i.disconnect_error)
    disp_by_LCD                              0x0800302d   Thumb Code   180  sht20.o(i.disp_by_LCD)
    display_close                            0x080030f5   Thumb Code    10  m74hc595.o(i.display_close)
    display_data                             0x08003101   Thumb Code    50  m74hc595.o(i.display_data)
    fan_off                                  0x08003141   Thumb Code    12  fan.o(i.fan_off)
    fan_on                                   0x08003151   Thumb Code    12  fan.o(i.fan_on)
    forward_action                           0x08003161   Thumb Code     8  sg90.o(i.forward_action)
    fputc                                    0x0800316d   Thumb Code    40  usart.o(i.fputc)
    freeRTOS_Cmd                             0x08003199   Thumb Code    92  myfreertos.o(i.freeRTOS_Cmd)
    get_Max30102_task                        0x08003211   Thumb Code   112  myfreertos.o(i.get_Max30102_task)
    get_SpO2                                 0x080032b1   Thumb Code    18  max30102.o(i.get_SpO2)
    get_SpO2_HR                              0x080032c5   Thumb Code   506  max30102.o(i.get_SpO2_HR)
    get_sht20_task                           0x0800350d   Thumb Code    90  myfreertos.o(i.get_sht20_task)
    i2c_read                                 0x080035c5   Thumb Code   202  i2c.o(i.i2c_read)
    i2c_read_bytes                           0x0800369d   Thumb Code   262  i2c.o(i.i2c_read_bytes)
    i2c_write                                0x080037b1   Thumb Code   132  i2c.o(i.i2c_write)
    init_ASRPRO                              0x08003841   Thumb Code    46  asrpro.o(i.init_ASRPRO)
    init_M74HC595                            0x08003875   Thumb Code     2  m74hc595.o(i.init_M74HC595)
    init_MAX30102_data                       0x08003879   Thumb Code   196  max30102.o(i.init_MAX30102_data)
    init_SHT20V1                             0x0800396d   Thumb Code    26  sht20.o(i.init_SHT20V1)
    init_beep                                0x08003989   Thumb Code    36  beep.o(i.init_beep)
    init_fan                                 0x080039b5   Thumb Code    56  fan.o(i.init_fan)
    init_i2c                                 0x080039f1   Thumb Code   124  i2c.o(i.init_i2c)
    init_key_INT                             0x08003a79   Thumb Code   134  key.o(i.init_key_INT)
    init_lcd                                 0x08003b05   Thumb Code    72  lcd.o(i.init_lcd)
    init_led                                 0x08003b51   Thumb Code   176  led.o(i.init_led)
    init_sg90                                0x08003c09   Thumb Code    20  sg90.o(i.init_sg90)
    init_spi                                 0x08003c1d   Thumb Code   190  spi.o(i.init_spi)
    init_tim2_common                         0x08003ce5   Thumb Code    76  tim.o(i.init_tim2_common)
    init_tim3_common                         0x08003d31   Thumb Code   242  tim.o(i.init_tim3_common)
    init_tim4_common                         0x08003e2d   Thumb Code    88  tim.o(i.init_tim4_common)
    init_tim6_basic                          0x08003e89   Thumb Code    50  tim.o(i.init_tim6_basic)
    init_tim7_basic                          0x08003ec1   Thumb Code    90  tim.o(i.init_tim7_basic)
    init_usart2                              0x08003f21   Thumb Code   190  usart.o(i.init_usart2)
    init_usart3                              0x08003fe9   Thumb Code   180  usart.o(i.init_usart3)
    init_usart6                              0x080040a5   Thumb Code   138  usart.o(i.init_usart6)
    init_wifi_mode                           0x08004139   Thumb Code    30  wifi.o(i.init_wifi_mode)
    key_detect_task                          0x0800415d   Thumb Code   102  myfreertos.o(i.key_detect_task)
    lcd_clear                                0x080041cd   Thumb Code    66  lcd.o(i.lcd_clear)
    lcd_display_task                         0x08004219   Thumb Code    58  myfreertos.o(i.lcd_display_task)
    lcd_reset                                0x08004285   Thumb Code    36  lcd.o(i.lcd_reset)
    lcd_set_location                         0x080042ad   Thumb Code    82  lcd.o(i.lcd_set_location)
    lcd_write_CH                             0x080042ff   Thumb Code   362  lcd.o(i.lcd_write_CH)
    lcd_write_char                           0x08004469   Thumb Code   206  lcd.o(i.lcd_write_char)
    lcd_write_command                        0x0800453d   Thumb Code    42  lcd.o(i.lcd_write_command)
    lcd_write_data                           0x08004571   Thumb Code    42  lcd.o(i.lcd_write_data)
    lcd_write_str                            0x080045a5   Thumb Code   100  lcd.o(i.lcd_write_str)
    main                                     0x08004611   Thumb Code    10  main.o(i.main)
    maxim_find_peaks                         0x0800461b   Thumb Code    66  algorithm.o(i.maxim_find_peaks)
    maxim_heart_rate_and_oxygen_saturation   0x0800465d   Thumb Code  1278  algorithm.o(i.maxim_heart_rate_and_oxygen_saturation)
    maxim_peaks_above_min_height             0x08004b65   Thumb Code   122  algorithm.o(i.maxim_peaks_above_min_height)
    maxim_remove_close_peaks                 0x08004bdf   Thumb Code   114  algorithm.o(i.maxim_remove_close_peaks)
    maxim_sort_ascend                        0x08004c51   Thumb Code    54  algorithm.o(i.maxim_sort_ascend)
    maxim_sort_indices_descend               0x08004c87   Thumb Code    64  algorithm.o(i.maxim_sort_indices_descend)
    one_hundred_and_eighty_degrees           0x08004cc9   Thumb Code    64  sg90.o(i.one_hundred_and_eighty_degrees)
    pvPortMalloc                             0x080057c9   Thumb Code   306  heap_4.o(i.pvPortMalloc)
    pvTaskIncrementMutexHeldCount            0x08005915   Thumb Code    26  tasks.o(i.pvTaskIncrementMutexHeldCount)
    pxPortInitialiseStack                    0x08005935   Thumb Code    38  port.o(i.pxPortInitialiseStack)
    read_dataV1                              0x08005961   Thumb Code    46  sht20.o(i.read_dataV1)
    receve_wifi_response                     0x08005991   Thumb Code   106  wifi.o(i.receve_wifi_response)
    reset_data                               0x08005a15   Thumb Code    46  max30102.o(i.reset_data)
    reset_wifi_state                         0x08005a61   Thumb Code    54  wifi.o(i.reset_wifi_state)
    seat_squat_action                        0x08005aa1   Thumb Code     8  sg90.o(i.seat_squat_action)
    send_data                                0x08005aad   Thumb Code    36  spi.o(i.send_data)
    send_string                              0x08005ad5   Thumb Code    56  usart.o(i.send_string)
    send_wifi_command                        0x08005b0d   Thumb Code    28  wifi.o(i.send_wifi_command)
    set_display_mode                         0x08005b35   Thumb Code    20  m74hc595.o(i.set_display_mode)
    set_max30102_mode                        0x08005b4d   Thumb Code    20  max30102.o(i.set_max30102_mode)
    set_wifi_mode                            0x08005b65   Thumb Code     6  wifi.o(i.set_wifi_mode)
    shut_down                                0x08005b71   Thumb Code    18  max30102.o(i.shut_down)
    sleep_down                               0x08005b83   Thumb Code    66  sg90.o(i.sleep_down)
    stand_action                             0x08005bc5   Thumb Code     8  sg90.o(i.stand_action)
    start_task                               0x08005bd1   Thumb Code   170  myfreertos.o(i.start_task)
    turn_left_action                         0x08005d2d   Thumb Code     8  sg90.o(i.turn_left_action)
    turn_off_all_led                         0x08005d39   Thumb Code    34  led.o(i.turn_off_all_led)
    turn_on_all_led                          0x08005d61   Thumb Code    34  led.o(i.turn_on_all_led)
    turn_right_action                        0x08005d89   Thumb Code     8  sg90.o(i.turn_right_action)
    update_wifi_mode                         0x08005d95   Thumb Code    60  wifi.o(i.update_wifi_mode)
    uxListRemove                             0x08005dd9   Thumb Code    40  list.o(i.uxListRemove)
    uxTaskPriorityGet                        0x08005e01   Thumb Code    30  tasks.o(i.uxTaskPriorityGet)
    vListInitialise                          0x08005e25   Thumb Code    26  list.o(i.vListInitialise)
    vListInitialiseItem                      0x08005e3f   Thumb Code     6  list.o(i.vListInitialiseItem)
    vListInsert                              0x08005e45   Thumb Code    52  list.o(i.vListInsert)
    vListInsertEnd                           0x08005e79   Thumb Code    24  list.o(i.vListInsertEnd)
    vPortEnterCritical                       0x08005e91   Thumb Code    76  port.o(i.vPortEnterCritical)
    vPortExitCritical                        0x08005ee5   Thumb Code    56  port.o(i.vPortExitCritical)
    vPortFree                                0x08005f21   Thumb Code   150  heap_4.o(i.vPortFree)
    vPortSetupTimerInterrupt                 0x08005fc5   Thumb Code    36  port.o(i.vPortSetupTimerInterrupt)
    vPortValidateInterruptPriority           0x08005fed   Thumb Code   106  port.o(i.vPortValidateInterruptPriority)
    vQueueAddToRegistry                      0x08006065   Thumb Code    38  queue.o(i.vQueueAddToRegistry)
    vQueueWaitForMessageRestricted           0x08006091   Thumb Code    74  queue.o(i.vQueueWaitForMessageRestricted)
    vTaskDelay                               0x080060dd   Thumb Code    82  tasks.o(i.vTaskDelay)
    vTaskDelete                              0x08006139   Thumb Code   202  tasks.o(i.vTaskDelete)
    vTaskInternalSetTimeOutState             0x0800622d   Thumb Code    14  tasks.o(i.vTaskInternalSetTimeOutState)
    vTaskMissedYield                         0x08006245   Thumb Code     8  tasks.o(i.vTaskMissedYield)
    vTaskPlaceOnEventList                    0x08006251   Thumb Code    52  tasks.o(i.vTaskPlaceOnEventList)
    vTaskPlaceOnEventListRestricted          0x08006289   Thumb Code    60  tasks.o(i.vTaskPlaceOnEventListRestricted)
    vTaskPriorityDisinheritAfterTimeout      0x080062c9   Thumb Code   216  tasks.o(i.vTaskPriorityDisinheritAfterTimeout)
    vTaskPrioritySet                         0x080063ad   Thumb Code   260  tasks.o(i.vTaskPrioritySet)
    vTaskStartScheduler                      0x080064c1   Thumb Code   118  tasks.o(i.vTaskStartScheduler)
    vTaskSuspendAll                          0x08006555   Thumb Code    12  tasks.o(i.vTaskSuspendAll)
    vTaskSwitchContext                       0x08006565   Thumb Code   118  tasks.o(i.vTaskSwitchContext)
    wifi_connect                             0x080065f1   Thumb Code    10  wifi.o(i.wifi_connect)
    wifi_connect_process                     0x080065fd   Thumb Code   490  wifi.o(i.wifi_connect_process)
    wifi_disconnect                          0x0800685d   Thumb Code    10  wifi.o(i.wifi_disconnect)
    wifi_disconnect_process                  0x08006869   Thumb Code   300  wifi.o(i.wifi_disconnect_process)
    xPortStartScheduler                      0x080069cd   Thumb Code   330  port.o(i.xPortStartScheduler)
    xQueueCreateMutex                        0x08006b35   Thumb Code    34  queue.o(i.xQueueCreateMutex)
    xQueueGenericCreate                      0x08006b57   Thumb Code   124  queue.o(i.xQueueGenericCreate)
    xQueueGenericReset                       0x08006bd5   Thumb Code   146  queue.o(i.xQueueGenericReset)
    xQueueGenericSend                        0x08006c6d   Thumb Code   466  queue.o(i.xQueueGenericSend)
    xQueueGenericSendFromISR                 0x08006e45   Thumb Code   310  queue.o(i.xQueueGenericSendFromISR)
    xQueueReceive                            0x08006f7d   Thumb Code   356  queue.o(i.xQueueReceive)
    xQueueSemaphoreTake                      0x080070e5   Thumb Code   434  queue.o(i.xQueueSemaphoreTake)
    xTaskCheckForTimeOut                     0x0800729d   Thumb Code   136  tasks.o(i.xTaskCheckForTimeOut)
    xTaskCreate                              0x0800732d   Thumb Code    96  tasks.o(i.xTaskCreate)
    xTaskGenericNotify                       0x0800738d   Thumb Code   362  tasks.o(i.xTaskGenericNotify)
    xTaskGenericNotifyFromISR                0x0800750d   Thumb Code   412  tasks.o(i.xTaskGenericNotifyFromISR)
    xTaskGenericNotifyWait                   0x080076c5   Thumb Code   196  tasks.o(i.xTaskGenericNotifyWait)
    xTaskGetSchedulerState                   0x08007791   Thumb Code    24  tasks.o(i.xTaskGetSchedulerState)
    xTaskGetTickCount                        0x080077b1   Thumb Code     6  tasks.o(i.xTaskGetTickCount)
    xTaskGetTickCountFromISR                 0x080077bd   Thumb Code    16  tasks.o(i.xTaskGetTickCountFromISR)
    xTaskIncrementTick                       0x080077d1   Thumb Code   282  tasks.o(i.xTaskIncrementTick)
    xTaskPriorityDisinherit                  0x08007919   Thumb Code   174  tasks.o(i.xTaskPriorityDisinherit)
    xTaskPriorityInherit                     0x080079d5   Thumb Code   172  tasks.o(i.xTaskPriorityInherit)
    xTaskRemoveFromEventList                 0x08007a8d   Thumb Code   128  tasks.o(i.xTaskRemoveFromEventList)
    xTaskResumeAll                           0x08007b25   Thumb Code   224  tasks.o(i.xTaskResumeAll)
    xTimerCreateTimerTask                    0x08007c29   Thumb Code    66  timers.o(i.xTimerCreateTimerTask)
    xTimerGenericCommand                     0x08007c81   Thumb Code   126  timers.o(i.xTimerGenericCommand)
    zero_degrees                             0x08007d05   Thumb Code    64  sg90.o(i.zero_degrees)
    seg                                      0x08007d48   Data          18  m74hc595.o(.constdata)
    pos                                      0x08007d5a   Data           4  m74hc595.o(.constdata)
    auw_hamm                                 0x08007dcc   Data          62  algorithm.o(.constdata)
    uch_spo2_table                           0x08007e0a   Data         184  algorithm.o(.constdata)
    __ctype_table                            0x08007ec2   Data         129  ctype_o.o(.constdata)
    Region$$Table$$Base                      0x08007f88   Number         0  anon$$obj.o(Region$$Table)
    Region$$Table$$Limit                     0x08007fa8   Number         0  anon$$obj.o(Region$$Table)
    key_flag                                 0x20000000   Data           1  main.o(.data)
    mode                                     0x20000001   Data           1  main.o(.data)
    cmd_ready                                0x20000002   Data           2  main.o(.data)
    cmd_index                                0x20000004   Data           2  main.o(.data)
    current_max30102                         0x2000000c   Data           1  max30102.o(.data)
    heart_rate                               0x20000010   Data           4  max30102.o(.data)
    heart_rate_valid                         0x20000014   Data           1  max30102.o(.data)
    spo2                                     0x20000018   Data           4  max30102.o(.data)
    spo2_valid                               0x2000001c   Data           1  max30102.o(.data)
    buffer_index                             0x20000020   Data           4  max30102.o(.data)
    un_min                                   0x20000024   Data           4  max30102.o(.data)
    un_max                                   0x20000028   Data           4  max30102.o(.data)
    un_prev_data                             0x2000002c   Data           4  max30102.o(.data)
    current_mode                             0x20000031   Data           1  m74hc595.o(.data)
    sht20_data                               0x20000032   Data           4  m74hc595.o(.data)
    display_flg                              0x20000036   Data           1  m74hc595.o(.data)
    sht20_index                              0x20000037   Data           1  m74hc595.o(.data)
    wifi_mode                                0x2000003c   Data           1  wifi.o(.data)
    current_action                           0x20000049   Data           1  sg90.o(.data)
    masterTask                               0x2000004c   Data           4  myfreertos.o(.data)
    SHT20_TASK                               0x20000050   Data           4  myfreertos.o(.data)
    MAX30102_TASK                            0x20000054   Data           4  myfreertos.o(.data)
    DIGTAL_DISPLAY_TASK                      0x20000058   Data           4  myfreertos.o(.data)
    LCD_DISPLAY_TASK                         0x2000005c   Data           4  myfreertos.o(.data)
    KEY_DETECT_TASK                          0x20000060   Data           4  myfreertos.o(.data)
    ASRPRO_CTRL_TASK                         0x20000064   Data           4  myfreertos.o(.data)
    WIFI_CTRL_TASK                           0x20000068   Data           4  myfreertos.o(.data)
    I2C_Mutex                                0x2000006c   Data           4  myfreertos.o(.data)
    SPI_Mutex                                0x20000070   Data           4  myfreertos.o(.data)
    font8x16                                 0x20000074   Data        2048  lcd.o(.data)
    temperature                              0x20000874   Data          64  lcd.o(.data)
    humidity                                 0x200008b4   Data          64  lcd.o(.data)
    lcd_direction                            0x200008f4   Data           1  lcd.o(.data)
    lcd_width                                0x200008f6   Data           2  lcd.o(.data)
    lcd_height                               0x200008f8   Data           2  lcd.o(.data)
    SystemCoreClock                          0x2000090c   Data           4  system_stm32f4xx.o(.data)
    AHBPrescTable                            0x20000910   Data          16  system_stm32f4xx.o(.data)
    pxCurrentTCB                             0x20000920   Data           4  tasks.o(.data)
    __stdout                                 0x2000099c   Data           4  stdout.o(.data)
    cache                                    0x200009a0   Data          32  main.o(.bss)
    red_buffer                               0x200009c0   Data        2000  max30102.o(.bss)
    ir_buffer                                0x20001190   Data        2000  max30102.o(.bss)
    sh                                       0x20001960   Data          16  sht20.o(.bss)
    wb                                       0x20001970   Data         116  wifi.o(.bss)
    asr                                      0x200019e4   Data         260  asrpro.o(.bss)
    xQueueRegistry                           0x20003248   Data          64  queue.o(.bss)
    __initial_sp                             0x20016390   Data           0  startup_stm32f40_41xxx.o(STACK)



==============================================================================

Memory Map of the image

  Image Entry point : 0x08000189

  Load Region LR_IROM1 (Base: 0x08000000, Size: 0x00008948, Max: 0x00100000, ABSOLUTE, COMPRESSED[0x000083e8])

    Execution Region ER_IROM1 (Base: 0x08000000, Size: 0x00007fa8, Max: 0x00100000, ABSOLUTE)

    Base Addr    Size         Type   Attr      Idx    E Section Name        Object

    0x08000000   0x00000188   Data   RO         6751    RESET               startup_stm32f40_41xxx.o
    0x08000188   0x00000000   Code   RO         7825  * .ARM.Collect$$$$00000000  mc_w.l(entry.o)
    0x08000188   0x00000004   Code   RO         8145    .ARM.Collect$$$$00000001  mc_w.l(entry2.o)
    0x0800018c   0x00000004   Code   RO         8148    .ARM.Collect$$$$00000004  mc_w.l(entry5.o)
    0x08000190   0x00000000   Code   RO         8150    .ARM.Collect$$$$00000008  mc_w.l(entry7b.o)
    0x08000190   0x00000000   Code   RO         8152    .ARM.Collect$$$$0000000A  mc_w.l(entry8b.o)
    0x08000190   0x00000008   Code   RO         8153    .ARM.Collect$$$$0000000B  mc_w.l(entry9a.o)
    0x08000198   0x00000000   Code   RO         8155    .ARM.Collect$$$$0000000D  mc_w.l(entry10a.o)
    0x08000198   0x00000000   Code   RO         8157    .ARM.Collect$$$$0000000F  mc_w.l(entry11a.o)
    0x08000198   0x00000004   Code   RO         8146    .ARM.Collect$$$$00002712  mc_w.l(entry2.o)
    0x0800019c   0x000000be   Code   RO         7748    .emb_text           port.o
    0x0800025a   0x00000002   PAD
    0x0800025c   0x00000024   Code   RO         6752    .text               startup_stm32f40_41xxx.o
    0x08000280   0x00000008   Code   RO         7828    .text               mc_w.l(ctype_o.o)
    0x08000288   0x00000012   Code   RO         7850    .text               mc_w.l(isspace_o.o)
    0x0800029a   0x00000024   Code   RO         7856    .text               mc_w.l(memcpya.o)
    0x080002be   0x00000024   Code   RO         7858    .text               mc_w.l(memseta.o)
    0x080002e2   0x00000024   Code   RO         7860    .text               mc_w.l(strstr.o)
    0x08000306   0x0000000e   Code   RO         7862    .text               mc_w.l(strlen.o)
    0x08000314   0x0000001c   Code   RO         7864    .text               mc_w.l(strcmp.o)
    0x08000330   0x00000038   Code   RO         8129    .text               mc_w.l(__0sscanf.o)
    0x08000368   0x000000e0   Code   RO         8131    .text               mc_w.l(_scanf_str.o)
    0x08000448   0x0000014e   Code   RO         8133    .text               mf_w.l(dadd.o)
    0x08000596   0x000000e4   Code   RO         8135    .text               mf_w.l(dmul.o)
    0x0800067a   0x000000de   Code   RO         8137    .text               mf_w.l(ddiv.o)
    0x08000758   0x00000026   Code   RO         8141    .text               mf_w.l(f2d.o)
    0x0800077e   0x00000038   Code   RO         8143    .text               mf_w.l(d2f.o)
    0x080007b6   0x0000002c   Code   RO         8160    .text               mc_w.l(uidiv.o)
    0x080007e2   0x00000062   Code   RO         8162    .text               mc_w.l(uldiv.o)
    0x08000844   0x0000001e   Code   RO         8164    .text               mc_w.l(llshl.o)
    0x08000862   0x00000024   Code   RO         8166    .text               mc_w.l(llsshr.o)
    0x08000886   0x00000002   PAD
    0x08000888   0x00000028   Code   RO         8168    .text               mc_w.l(scanf_char.o)
    0x080008b0   0x00000040   Code   RO         8170    .text               mc_w.l(_sgetc.o)
    0x080008f0   0x00000000   Code   RO         8172    .text               mc_w.l(iusefp.o)
    0x080008f0   0x0000006e   Code   RO         8173    .text               mf_w.l(fepilogue.o)
    0x0800095e   0x000000ba   Code   RO         8175    .text               mf_w.l(depilogue.o)
    0x08000a18   0x00000030   Code   RO         8177    .text               mf_w.l(dfixul.o)
    0x08000a48   0x00000030   Code   RO         8179    .text               mf_w.l(cdrcmple.o)
    0x08000a78   0x00000024   Code   RO         8181    .text               mc_w.l(init.o)
    0x08000a9c   0x00000020   Code   RO         8183    .text               mc_w.l(llushr.o)
    0x08000abc   0x0000032c   Code   RO         8187    .text               mc_w.l(_scanf.o)
    0x08000de8   0x00000056   Code   RO         8200    .text               mc_w.l(__dczerorl2.o)
    0x08000e3e   0x00000022   Code   RO         1542    i.ASRPRO_task       myfreertos.o
    0x08000e60   0x00000004   Code   RO          260    i.BusFault_Handler  stm32f4xx_it.o
    0x08000e64   0x00000002   Code   RO          261    i.DebugMon_Handler  stm32f4xx_it.o
    0x08000e66   0x00000038   Code   RO         1543    i.ESP_12F_task      myfreertos.o
    0x08000e9e   0x00000002   PAD
    0x08000ea0   0x000000e0   Code   RO          262    i.EXTI9_5_IRQHandler  stm32f4xx_it.o
    0x08000f80   0x0000000c   Code   RO         3068    i.EXTI_ClearITPendingBit  stm32f4xx_exti.o
    0x08000f8c   0x00000018   Code   RO         3072    i.EXTI_GetITStatus  stm32f4xx_exti.o
    0x08000fa4   0x00000094   Code   RO         3073    i.EXTI_Init         stm32f4xx_exti.o
    0x08001038   0x00000090   Code   RO         3581    i.GPIO_Init         stm32f4xx_gpio.o
    0x080010c8   0x00000046   Code   RO         3582    i.GPIO_PinAFConfig  stm32f4xx_gpio.o
    0x0800110e   0x00000004   Code   RO         3588    i.GPIO_ResetBits    stm32f4xx_gpio.o
    0x08001112   0x00000004   Code   RO         3589    i.GPIO_SetBits      stm32f4xx_gpio.o
    0x08001116   0x00000008   Code   RO         3591    i.GPIO_ToggleBits   stm32f4xx_gpio.o
    0x0800111e   0x00000004   Code   RO          263    i.HardFault_Handler  stm32f4xx_it.o
    0x08001122   0x00000002   PAD
    0x08001124   0x00000034   Code   RO          264    i.I2C1_EV_IRQHandler  stm32f4xx_it.o
    0x08001158   0x00000018   Code   RO         3869    i.I2C_AcknowledgeConfig  stm32f4xx_i2c.o
    0x08001170   0x0000002a   Code   RO         3872    i.I2C_CheckEvent    stm32f4xx_i2c.o
    0x0800119a   0x0000000c   Code   RO         3874    i.I2C_ClearITPendingBit  stm32f4xx_i2c.o
    0x080011a6   0x00000018   Code   RO         3875    i.I2C_Cmd           stm32f4xx_i2c.o
    0x080011be   0x00000018   Code   RO         3883    i.I2C_GenerateSTART  stm32f4xx_i2c.o
    0x080011d6   0x00000018   Code   RO         3884    i.I2C_GenerateSTOP  stm32f4xx_i2c.o
    0x080011ee   0x0000003a   Code   RO         3885    i.I2C_GetFlagStatus  stm32f4xx_i2c.o
    0x08001228   0x00000026   Code   RO         3886    i.I2C_GetITStatus   stm32f4xx_i2c.o
    0x0800124e   0x00000002   PAD
    0x08001250   0x000000e8   Code   RO         3890    i.I2C_Init          stm32f4xx_i2c.o
    0x08001338   0x00000008   Code   RO         3895    i.I2C_ReceiveData   stm32f4xx_i2c.o
    0x08001340   0x00000010   Code   RO         3897    i.I2C_Send7bitAddress  stm32f4xx_i2c.o
    0x08001350   0x00000004   Code   RO         3898    i.I2C_SendData      stm32f4xx_i2c.o
    0x08001354   0x00000080   Code   RO          771    i.MAX30102_cmd      max30102.o
    0x080013d4   0x00000004   Code   RO          265    i.MemManage_Handler  stm32f4xx_it.o
    0x080013d8   0x00000002   Code   RO          266    i.NMI_Handler       stm32f4xx_it.o
    0x080013da   0x00000002   PAD
    0x080013dc   0x00000078   Code   RO         1706    i.NVIC_Init         misc.o
    0x08001454   0x00000014   Code   RO         1707    i.NVIC_PriorityGroupConfig  misc.o
    0x08001468   0x00000170   Code   RO          888    i.Process_DataV1    sht20.o
    0x080015d8   0x00000020   Code   RO         4507    i.RCC_AHB1PeriphClockCmd  stm32f4xx_rcc.o
    0x080015f8   0x00000020   Code   RO         4516    i.RCC_APB1PeriphClockCmd  stm32f4xx_rcc.o
    0x08001618   0x00000020   Code   RO         4519    i.RCC_APB2PeriphClockCmd  stm32f4xx_rcc.o
    0x08001638   0x000000e8   Code   RO         4528    i.RCC_GetClocksFreq  stm32f4xx_rcc.o
    0x08001720   0x0000005e   Code   RO          772    i.Read_MAX30102_FIFO  max30102.o
    0x0800177e   0x0000000e   Code   RO          773    i.Read_MAX30102_Reg  max30102.o
    0x0800178c   0x00000016   Code   RO          774    i.Read_MAX30102_Reg_BYTES  max30102.o
    0x080017a2   0x00000014   Code   RO          775    i.Reset_MAX30102    max30102.o
    0x080017b6   0x0000000e   Code   RO          890    i.Reset_SHT20V1     sht20.o
    0x080017c4   0x00000018   Code   RO         5665    i.SPI_Cmd           stm32f4xx_spi.o
    0x080017dc   0x00000006   Code   RO         5669    i.SPI_I2S_ClearFlag  stm32f4xx_spi.o
    0x080017e2   0x00000012   Code   RO         5673    i.SPI_I2S_GetFlagStatus  stm32f4xx_spi.o
    0x080017f4   0x00000004   Code   RO         5677    i.SPI_I2S_SendData  stm32f4xx_spi.o
    0x080017f8   0x0000003c   Code   RO         5678    i.SPI_Init          stm32f4xx_spi.o
    0x08001834   0x00000080   Code   RO         1619    i.ST7789V_config    lcd.o
    0x080018b4   0x00000040   Code   RO         5830    i.SYSCFG_EXTILineConfig  stm32f4xx_syscfg.o
    0x080018f4   0x000000ec   Code   RO         6711    i.SetSysClock       system_stm32f4xx.o
    0x080019e0   0x00000016   Code   RO          776    i.Start_MAX30102_Sampling  max30102.o
    0x080019f6   0x00000016   Code   RO          777    i.Stop_MAX30102_Sampling  max30102.o
    0x08001a0c   0x00000034   Code   RO         7749    i.SysTick_Handler   port.o
    0x08001a40   0x00000068   Code   RO         6713    i.SystemInit        system_stm32f4xx.o
    0x08001aa8   0x00000050   Code   RO          267    i.TIM2_IRQHandler   stm32f4xx_it.o
    0x08001af8   0x00000040   Code   RO          268    i.TIM4_IRQHandler   stm32f4xx_it.o
    0x08001b38   0x00000050   Code   RO          269    i.TIM7_IRQHandler   stm32f4xx_it.o
    0x08001b88   0x00000018   Code   RO         5891    i.TIM_ARRPreloadConfig  stm32f4xx_tim.o
    0x08001ba0   0x00000006   Code   RO         5897    i.TIM_ClearFlag     stm32f4xx_tim.o
    0x08001ba6   0x00000006   Code   RO         5898    i.TIM_ClearITPendingBit  stm32f4xx_tim.o
    0x08001bac   0x00000018   Code   RO         5903    i.TIM_Cmd           stm32f4xx_tim.o
    0x08001bc4   0x0000001e   Code   RO         5905    i.TIM_CtrlPWMOutputs  stm32f4xx_tim.o
    0x08001be2   0x00000012   Code   RO         5923    i.TIM_GetFlagStatus  stm32f4xx_tim.o
    0x08001bf4   0x00000022   Code   RO         5924    i.TIM_GetITStatus   stm32f4xx_tim.o
    0x08001c16   0x00000012   Code   RO         5928    i.TIM_ITConfig      stm32f4xx_tim.o
    0x08001c28   0x0000007c   Code   RO         5932    i.TIM_OC1Init       stm32f4xx_tim.o
    0x08001ca4   0x00000012   Code   RO         5935    i.TIM_OC1PreloadConfig  stm32f4xx_tim.o
    0x08001cb6   0x00000002   PAD
    0x08001cb8   0x000000a4   Code   RO         5937    i.TIM_OC2Init       stm32f4xx_tim.o
    0x08001d5c   0x0000001a   Code   RO         5940    i.TIM_OC2PreloadConfig  stm32f4xx_tim.o
    0x08001d76   0x00000002   PAD
    0x08001d78   0x000000a0   Code   RO         5942    i.TIM_OC3Init       stm32f4xx_tim.o
    0x08001e18   0x00000012   Code   RO         5945    i.TIM_OC3PreloadConfig  stm32f4xx_tim.o
    0x08001e2a   0x00000002   PAD
    0x08001e2c   0x00000078   Code   RO         5947    i.TIM_OC4Init       stm32f4xx_tim.o
    0x08001ea4   0x0000001a   Code   RO         5949    i.TIM_OC4PreloadConfig  stm32f4xx_tim.o
    0x08001ebe   0x00000004   Code   RO         5963    i.TIM_SetAutoreload  stm32f4xx_tim.o
    0x08001ec2   0x00000004   Code   RO         5965    i.TIM_SetCompare1   stm32f4xx_tim.o
    0x08001ec6   0x00000004   Code   RO         5966    i.TIM_SetCompare2   stm32f4xx_tim.o
    0x08001eca   0x00000004   Code   RO         5967    i.TIM_SetCompare3   stm32f4xx_tim.o
    0x08001ece   0x00000004   Code   RO         5968    i.TIM_SetCompare4   stm32f4xx_tim.o
    0x08001ed2   0x00000004   Code   RO         5969    i.TIM_SetCounter    stm32f4xx_tim.o
    0x08001ed6   0x00000002   PAD
    0x08001ed8   0x00000084   Code   RO         5975    i.TIM_TimeBaseInit  stm32f4xx_tim.o
    0x08001f5c   0x000000c8   Code   RO          270    i.USART2_IRQHandler  stm32f4xx_it.o
    0x08002024   0x000000a8   Code   RO          271    i.USART3_IRQHandler  stm32f4xx_it.o
    0x080020cc   0x00000074   Code   RO          272    i.USART6_IRQHandler  stm32f4xx_it.o
    0x08002140   0x00000012   Code   RO         6453    i.USART_ClearFlag   stm32f4xx_usart.o
    0x08002152   0x0000001e   Code   RO         6454    i.USART_ClearITPendingBit  stm32f4xx_usart.o
    0x08002170   0x00000018   Code   RO         6457    i.USART_Cmd         stm32f4xx_usart.o
    0x08002188   0x0000001a   Code   RO         6460    i.USART_GetFlagStatus  stm32f4xx_usart.o
    0x080021a2   0x00000054   Code   RO         6461    i.USART_GetITStatus  stm32f4xx_usart.o
    0x080021f6   0x0000004a   Code   RO         6463    i.USART_ITConfig    stm32f4xx_usart.o
    0x08002240   0x000000cc   Code   RO         6464    i.USART_Init        stm32f4xx_usart.o
    0x0800230c   0x0000000a   Code   RO         6471    i.USART_ReceiveData  stm32f4xx_usart.o
    0x08002316   0x00000008   Code   RO         6474    i.USART_SendData    stm32f4xx_usart.o
    0x0800231e   0x00000004   Code   RO          273    i.UsageFault_Handler  stm32f4xx_it.o
    0x08002322   0x00000012   Code   RO          778    i.Write_MAX30102_Reg  max30102.o
    0x08002334   0x00000020   Code   RO         8101    i.__0printf         mc_w.l(printfa.o)
    0x08002354   0x00000028   Code   RO         8103    i.__0sprintf        mc_w.l(printfa.o)
    0x0800237c   0x0000000e   Code   RO         8194    i.__scatterload_copy  mc_w.l(handlers.o)
    0x0800238a   0x00000002   Code   RO         8195    i.__scatterload_null  mc_w.l(handlers.o)
    0x0800238c   0x0000000e   Code   RO         8196    i.__scatterload_zeroinit  mc_w.l(handlers.o)
    0x0800239a   0x00000002   PAD
    0x0800239c   0x00000164   Code   RO         8108    i._fp_digits        mc_w.l(printfa.o)
    0x08002500   0x000006dc   Code   RO         8109    i._printf_core      mc_w.l(printfa.o)
    0x08002bdc   0x00000024   Code   RO         8110    i._printf_post_padding  mc_w.l(printfa.o)
    0x08002c00   0x0000002e   Code   RO         8111    i._printf_pre_padding  mc_w.l(printfa.o)
    0x08002c2e   0x0000000a   Code   RO         8113    i._sputc            mc_w.l(printfa.o)
    0x08002c38   0x0000000c   Code   RO         1335    i.back_action       sg90.o
    0x08002c44   0x00000014   Code   RO          483    i.beep_close        beep.o
    0x08002c58   0x00000014   Code   RO          484    i.beep_open         beep.o
    0x08002c6c   0x0000001a   Code   RO          965    i.clear_display     m74hc595.o
    0x08002c86   0x00000002   PAD
    0x08002c88   0x0000003c   Code   RO         1192    i.connect_error     wifi.o
    0x08002cc4   0x00000118   Code   RO         1193    i.control_device    wifi.o
    0x08002ddc   0x000000dc   Code   RO         1296    i.deal_with_asr     asrpro.o
    0x08002eb8   0x0000001a   Code   RO          609    i.delay_ms          tim.o
    0x08002ed2   0x00000002   PAD
    0x08002ed4   0x00000048   Code   RO          610    i.delay_us          tim.o
    0x08002f1c   0x00000068   Code   RO          966    i.digital_tube_refresh  m74hc595.o
    0x08002f84   0x0000006c   Code   RO         1544    i.digtal_display_task  myfreertos.o
    0x08002ff0   0x0000003c   Code   RO         1194    i.disconnect_error  wifi.o
    0x0800302c   0x000000c8   Code   RO          891    i.disp_by_LCD       sht20.o
    0x080030f4   0x0000000a   Code   RO          968    i.display_close     m74hc595.o
    0x080030fe   0x00000002   PAD
    0x08003100   0x00000040   Code   RO          969    i.display_data      m74hc595.o
    0x08003140   0x00000010   Code   RO          447    i.fan_off           fan.o
    0x08003150   0x00000010   Code   RO          448    i.fan_on            fan.o
    0x08003160   0x0000000c   Code   RO         1338    i.forward_action    sg90.o
    0x0800316c   0x0000002c   Code   RO          561    i.fputc             usart.o
    0x08003198   0x00000078   Code   RO         1545    i.freeRTOS_Cmd      myfreertos.o
    0x08003210   0x000000a0   Code   RO         1546    i.get_Max30102_task  myfreertos.o
    0x080032b0   0x00000012   Code   RO          779    i.get_SpO2          max30102.o
    0x080032c2   0x00000002   PAD
    0x080032c4   0x00000248   Code   RO          780    i.get_SpO2_HR       max30102.o
    0x0800350c   0x000000b8   Code   RO         1547    i.get_sht20_task    myfreertos.o
    0x080035c4   0x000000d8   Code   RO          669    i.i2c_read          i2c.o
    0x0800369c   0x00000114   Code   RO          670    i.i2c_read_bytes    i2c.o
    0x080037b0   0x00000090   Code   RO          671    i.i2c_write         i2c.o
    0x08003840   0x00000034   Code   RO         1297    i.init_ASRPRO       asrpro.o
    0x08003874   0x00000002   Code   RO          973    i.init_M74HC595     m74hc595.o
    0x08003876   0x00000002   PAD
    0x08003878   0x000000f4   Code   RO          781    i.init_MAX30102_data  max30102.o
    0x0800396c   0x0000001a   Code   RO          893    i.init_SHT20V1      sht20.o
    0x08003986   0x00000002   PAD
    0x08003988   0x0000002c   Code   RO          485    i.init_beep         beep.o
    0x080039b4   0x0000003c   Code   RO          449    i.init_fan          fan.o
    0x080039f0   0x00000088   Code   RO          672    i.init_i2c          i2c.o
    0x08003a78   0x0000008c   Code   RO          521    i.init_key_INT      key.o
    0x08003b04   0x0000004c   Code   RO         1620    i.init_lcd          lcd.o
    0x08003b50   0x000000b8   Code   RO          393    i.init_led          led.o
    0x08003c08   0x00000014   Code   RO         1340    i.init_sg90         sg90.o
    0x08003c1c   0x000000c8   Code   RO         1057    i.init_spi          spi.o
    0x08003ce4   0x0000004c   Code   RO          611    i.init_tim2_common  tim.o
    0x08003d30   0x000000fc   Code   RO          612    i.init_tim3_common  tim.o
    0x08003e2c   0x0000005c   Code   RO          613    i.init_tim4_common  tim.o
    0x08003e88   0x00000038   Code   RO          614    i.init_tim6_basic   tim.o
    0x08003ec0   0x00000060   Code   RO          615    i.init_tim7_basic   tim.o
    0x08003f20   0x000000c8   Code   RO          562    i.init_usart2       usart.o
    0x08003fe8   0x000000bc   Code   RO          563    i.init_usart3       usart.o
    0x080040a4   0x00000094   Code   RO          564    i.init_usart6       usart.o
    0x08004138   0x00000024   Code   RO         1195    i.init_wifi_mode    wifi.o
    0x0800415c   0x00000070   Code   RO         1548    i.key_detect_task   myfreertos.o
    0x080041cc   0x0000004c   Code   RO         1621    i.lcd_clear         lcd.o
    0x08004218   0x0000006c   Code   RO         1549    i.lcd_display_task  myfreertos.o
    0x08004284   0x00000028   Code   RO         1622    i.lcd_reset         lcd.o
    0x080042ac   0x00000052   Code   RO         1623    i.lcd_set_location  lcd.o
    0x080042fe   0x0000016a   Code   RO         1624    i.lcd_write_CH      lcd.o
    0x08004468   0x000000d4   Code   RO         1625    i.lcd_write_char    lcd.o
    0x0800453c   0x00000034   Code   RO         1626    i.lcd_write_command  lcd.o
    0x08004570   0x00000034   Code   RO         1627    i.lcd_write_data    lcd.o
    0x080045a4   0x0000006c   Code   RO         1628    i.lcd_write_str     lcd.o
    0x08004610   0x0000000a   Code   RO            4    i.main              main.o
    0x0800461a   0x00000042   Code   RO         1484    i.maxim_find_peaks  algorithm.o
    0x0800465c   0x00000508   Code   RO         1485    i.maxim_heart_rate_and_oxygen_saturation  algorithm.o
    0x08004b64   0x0000007a   Code   RO         1486    i.maxim_peaks_above_min_height  algorithm.o
    0x08004bde   0x00000072   Code   RO         1487    i.maxim_remove_close_peaks  algorithm.o
    0x08004c50   0x00000036   Code   RO         1488    i.maxim_sort_ascend  algorithm.o
    0x08004c86   0x00000040   Code   RO         1489    i.maxim_sort_indices_descend  algorithm.o
    0x08004cc6   0x00000002   PAD
    0x08004cc8   0x00000044   Code   RO         1342    i.one_hundred_and_eighty_degrees  sg90.o
    0x08004d0c   0x00000098   Code   RO         7172    i.prvAddCurrentTaskToDelayedList  tasks.o
    0x08004da4   0x000000b8   Code   RO         7173    i.prvAddNewTaskToReadyList  tasks.o
    0x08004e5c   0x00000064   Code   RO         7536    i.prvCheckForValidListAndQueue  timers.o
    0x08004ec0   0x00000048   Code   RO         7174    i.prvCheckTasksWaitingTermination  tasks.o
    0x08004f08   0x0000002a   Code   RO         6919    i.prvCopyDataFromQueue  queue.o
    0x08004f32   0x0000007e   Code   RO         6920    i.prvCopyDataToQueue  queue.o
    0x08004fb0   0x00000012   Code   RO         7175    i.prvDeleteTCB      tasks.o
    0x08004fc2   0x00000014   Code   RO         6921    i.prvGetDisinheritPriorityAfterTimeout  queue.o
    0x08004fd6   0x00000002   PAD
    0x08004fd8   0x00000028   Code   RO         7537    i.prvGetNextExpireTime  timers.o
    0x08005000   0x0000007c   Code   RO         7693    i.prvHeapInit       heap_4.o
    0x0800507c   0x00000028   Code   RO         7176    i.prvIdleTask       tasks.o
    0x080050a4   0x0000001e   Code   RO         6922    i.prvInitialiseMutex  queue.o
    0x080050c2   0x0000002e   Code   RO         6923    i.prvInitialiseNewQueue  queue.o
    0x080050f0   0x000000be   Code   RO         7177    i.prvInitialiseNewTask  tasks.o
    0x080051ae   0x00000002   PAD
    0x080051b0   0x00000068   Code   RO         7178    i.prvInitialiseTaskLists  tasks.o
    0x08005218   0x00000068   Code   RO         7694    i.prvInsertBlockIntoFreeList  heap_4.o
    0x08005280   0x00000058   Code   RO         7539    i.prvInsertTimerInActiveList  timers.o
    0x080052d8   0x0000001a   Code   RO         6924    i.prvIsQueueEmpty   queue.o
    0x080052f2   0x0000001e   Code   RO         6925    i.prvIsQueueFull    queue.o
    0x08005310   0x000000ac   Code   RO         6926    i.prvNotifyQueueSetContainer  queue.o
    0x080053bc   0x00000074   Code   RO         7540    i.prvProcessExpiredTimer  timers.o
    0x08005430   0x00000138   Code   RO         7541    i.prvProcessReceivedCommands  timers.o
    0x08005568   0x00000074   Code   RO         7542    i.prvProcessTimerOrBlockTask  timers.o
    0x080055dc   0x00000030   Code   RO         7180    i.prvResetNextTaskUnblockTime  tasks.o
    0x0800560c   0x0000002c   Code   RO         7543    i.prvSampleTimeNow  timers.o
    0x08005638   0x000000a4   Code   RO         7544    i.prvSwitchTimerLists  timers.o
    0x080056dc   0x00000040   Code   RO         7750    i.prvTaskExitError  port.o
    0x0800571c   0x0000001a   Code   RO         7545    i.prvTimerTask      timers.o
    0x08005736   0x00000090   Code   RO         6927    i.prvUnlockQueue    queue.o
    0x080057c6   0x00000002   PAD
    0x080057c8   0x0000014c   Code   RO         7695    i.pvPortMalloc      heap_4.o
    0x08005914   0x00000020   Code   RO         7183    i.pvTaskIncrementMutexHeldCount  tasks.o
    0x08005934   0x0000002c   Code   RO         7751    i.pxPortInitialiseStack  port.o
    0x08005960   0x0000002e   Code   RO          895    i.read_dataV1       sht20.o
    0x0800598e   0x00000002   PAD
    0x08005990   0x00000084   Code   RO         1196    i.receve_wifi_response  wifi.o
    0x08005a14   0x0000004c   Code   RO          782    i.reset_data        max30102.o
    0x08005a60   0x00000040   Code   RO         1197    i.reset_wifi_state  wifi.o
    0x08005aa0   0x0000000c   Code   RO         1345    i.seat_squat_action  sg90.o
    0x08005aac   0x00000028   Code   RO         1058    i.send_data         spi.o
    0x08005ad4   0x00000038   Code   RO          565    i.send_string       usart.o
    0x08005b0c   0x00000028   Code   RO         1198    i.send_wifi_command  wifi.o
    0x08005b34   0x00000018   Code   RO          974    i.set_display_mode  m74hc595.o
    0x08005b4c   0x00000018   Code   RO          783    i.set_max30102_mode  max30102.o
    0x08005b64   0x0000000c   Code   RO         1199    i.set_wifi_mode     wifi.o
    0x08005b70   0x00000012   Code   RO          784    i.shut_down         max30102.o
    0x08005b82   0x00000042   Code   RO         1346    i.sleep_down        sg90.o
    0x08005bc4   0x0000000c   Code   RO         1347    i.stand_action      sg90.o
    0x08005bd0   0x0000015c   Code   RO         1550    i.start_task        myfreertos.o
    0x08005d2c   0x0000000c   Code   RO         1350    i.turn_left_action  sg90.o
    0x08005d38   0x00000028   Code   RO          395    i.turn_off_all_led  led.o
    0x08005d60   0x00000028   Code   RO          397    i.turn_on_all_led   led.o
    0x08005d88   0x0000000c   Code   RO         1352    i.turn_right_action  sg90.o
    0x08005d94   0x00000044   Code   RO         1200    i.update_wifi_mode  wifi.o
    0x08005dd8   0x00000028   Code   RO         6879    i.uxListRemove      list.o
    0x08005e00   0x00000024   Code   RO         7189    i.uxTaskPriorityGet  tasks.o
    0x08005e24   0x0000001a   Code   RO         6880    i.vListInitialise   list.o
    0x08005e3e   0x00000006   Code   RO         6881    i.vListInitialiseItem  list.o
    0x08005e44   0x00000034   Code   RO         6882    i.vListInsert       list.o
    0x08005e78   0x00000018   Code   RO         6883    i.vListInsertEnd    list.o
    0x08005e90   0x00000054   Code   RO         7753    i.vPortEnterCritical  port.o
    0x08005ee4   0x0000003c   Code   RO         7754    i.vPortExitCritical  port.o
    0x08005f20   0x000000a4   Code   RO         7696    i.vPortFree         heap_4.o
    0x08005fc4   0x00000028   Code   RO         7755    i.vPortSetupTimerInterrupt  port.o
    0x08005fec   0x00000078   Code   RO         7756    i.vPortValidateInterruptPriority  port.o
    0x08006064   0x0000002c   Code   RO         6933    i.vQueueAddToRegistry  queue.o
    0x08006090   0x0000004a   Code   RO         6937    i.vQueueWaitForMessageRestricted  queue.o
    0x080060da   0x00000002   PAD
    0x080060dc   0x0000005c   Code   RO         7192    i.vTaskDelay        tasks.o
    0x08006138   0x000000f4   Code   RO         7194    i.vTaskDelete       tasks.o
    0x0800622c   0x00000018   Code   RO         7198    i.vTaskInternalSetTimeOutState  tasks.o
    0x08006244   0x0000000c   Code   RO         7199    i.vTaskMissedYield  tasks.o
    0x08006250   0x00000038   Code   RO         7200    i.vTaskPlaceOnEventList  tasks.o
    0x08006288   0x00000040   Code   RO         7201    i.vTaskPlaceOnEventListRestricted  tasks.o
    0x080062c8   0x000000e4   Code   RO         7203    i.vTaskPriorityDisinheritAfterTimeout  tasks.o
    0x080063ac   0x00000114   Code   RO         7204    i.vTaskPrioritySet  tasks.o
    0x080064c0   0x00000094   Code   RO         7209    i.vTaskStartScheduler  tasks.o
    0x08006554   0x00000010   Code   RO         7211    i.vTaskSuspendAll   tasks.o
    0x08006564   0x0000008c   Code   RO         7212    i.vTaskSwitchContext  tasks.o
    0x080065f0   0x0000000a   Code   RO         1201    i.wifi_connect      wifi.o
    0x080065fa   0x00000002   PAD
    0x080065fc   0x00000260   Code   RO         1202    i.wifi_connect_process  wifi.o
    0x0800685c   0x0000000a   Code   RO         1203    i.wifi_disconnect   wifi.o
    0x08006866   0x00000002   PAD
    0x08006868   0x00000164   Code   RO         1204    i.wifi_disconnect_process  wifi.o
    0x080069cc   0x00000168   Code   RO         7757    i.xPortStartScheduler  port.o
    0x08006b34   0x00000022   Code   RO         6940    i.xQueueCreateMutex  queue.o
    0x08006b56   0x0000007c   Code   RO         6942    i.xQueueGenericCreate  queue.o
    0x08006bd2   0x00000002   PAD
    0x08006bd4   0x00000098   Code   RO         6943    i.xQueueGenericReset  queue.o
    0x08006c6c   0x000001d8   Code   RO         6944    i.xQueueGenericSend  queue.o
    0x08006e44   0x00000136   Code   RO         6945    i.xQueueGenericSendFromISR  queue.o
    0x08006f7a   0x00000002   PAD
    0x08006f7c   0x00000168   Code   RO         6952    i.xQueueReceive     queue.o
    0x080070e4   0x000001b8   Code   RO         6957    i.xQueueSemaphoreTake  queue.o
    0x0800729c   0x00000090   Code   RO         7214    i.xTaskCheckForTimeOut  tasks.o
    0x0800732c   0x00000060   Code   RO         7215    i.xTaskCreate       tasks.o
    0x0800738c   0x00000180   Code   RO         7216    i.xTaskGenericNotify  tasks.o
    0x0800750c   0x000001b8   Code   RO         7217    i.xTaskGenericNotifyFromISR  tasks.o
    0x080076c4   0x000000cc   Code   RO         7219    i.xTaskGenericNotifyWait  tasks.o
    0x08007790   0x00000020   Code   RO         7221    i.xTaskGetSchedulerState  tasks.o
    0x080077b0   0x0000000c   Code   RO         7222    i.xTaskGetTickCount  tasks.o
    0x080077bc   0x00000014   Code   RO         7223    i.xTaskGetTickCountFromISR  tasks.o
    0x080077d0   0x00000148   Code   RO         7224    i.xTaskIncrementTick  tasks.o
    0x08007918   0x000000bc   Code   RO         7225    i.xTaskPriorityDisinherit  tasks.o
    0x080079d4   0x000000b8   Code   RO         7226    i.xTaskPriorityInherit  tasks.o
    0x08007a8c   0x00000098   Code   RO         7227    i.xTaskRemoveFromEventList  tasks.o
    0x08007b24   0x00000104   Code   RO         7228    i.xTaskResumeAll    tasks.o
    0x08007c28   0x00000058   Code   RO         7553    i.xTimerCreateTimerTask  timers.o
    0x08007c80   0x00000084   Code   RO         7554    i.xTimerGenericCommand  timers.o
    0x08007d04   0x00000044   Code   RO         1354    i.zero_degrees      sg90.o
    0x08007d48   0x00000016   Data   RO          976    .constdata          m74hc595.o
    0x08007d5e   0x00000002   PAD
    0x08007d60   0x0000006c   Data   RO         1299    .constdata          asrpro.o
    0x08007dcc   0x000000f6   Data   RO         1491    .constdata          algorithm.o
    0x08007ec2   0x00000081   Data   RO         7829    .constdata          mc_w.l(ctype_o.o)
    0x08007f43   0x00000001   PAD
    0x08007f44   0x00000004   Data   RO         7830    .constdata          mc_w.l(ctype_o.o)
    0x08007f48   0x0000003d   Data   RO         1300    .conststring        asrpro.o
    0x08007f85   0x00000003   PAD
    0x08007f88   0x00000020   Data   RO         8192    Region$$Table       anon$$obj.o


    Execution Region RW_IRAM1 (Base: 0x20000000, Size: 0x00016390, Max: 0x00020000, ABSOLUTE, COMPRESSED[0x00000440])

    Base Addr    Size         Type   Attr      Idx    E Section Name        Object

    0x20000000   0x00000006   Data   RW            8    .data               main.o
    0x20000006   0x00000002   PAD
    0x20000008   0x00000004   Data   RW          276    .data               stm32f4xx_it.o
    0x2000000c   0x00000025   Data   RW          787    .data               max30102.o
    0x20000031   0x00000008   Data   RW          977    .data               m74hc595.o
    0x20000039   0x00000003   PAD
    0x2000003c   0x0000000d   Data   RW         1206    .data               wifi.o
    0x20000049   0x00000002   Data   RW         1355    .data               sg90.o
    0x2000004b   0x00000001   PAD
    0x2000004c   0x00000028   Data   RW         1553    .data               myfreertos.o
    0x20000074   0x00000886   Data   RW         1629    .data               lcd.o
    0x200008fa   0x00000010   Data   RW         4560    .data               stm32f4xx_rcc.o
    0x2000090a   0x00000002   PAD
    0x2000090c   0x00000014   Data   RW         6714    .data               system_stm32f4xx.o
    0x20000920   0x0000003c   Data   RW         7231    .data               tasks.o
    0x2000095c   0x00000014   Data   RW         7560    .data               timers.o
    0x20000970   0x00000020   Data   RW         7702    .data               heap_4.o
    0x20000990   0x0000000c   Data   RW         7758    .data               port.o
    0x2000099c   0x00000004   Data   RW         8159    .data               mc_w.l(stdout.o)
    0x200009a0   0x00000020   Zero   RW            5    .bss                main.o
    0x200009c0   0x00000fa0   Zero   RW          786    .bss                max30102.o
    0x20001960   0x00000010   Zero   RW          896    .bss                sht20.o
    0x20001970   0x00000074   Zero   RW         1205    .bss                wifi.o
    0x200019e4   0x00000104   Zero   RW         1298    .bss                asrpro.o
    0x20001ae8   0x00001760   Zero   RW         1490    .bss                algorithm.o
    0x20003248   0x00000040   Zero   RW         6959    .bss                queue.o
    0x20003288   0x000000dc   Zero   RW         7230    .bss                tasks.o
    0x20003364   0x00000028   Zero   RW         7559    .bss                timers.o
    0x2000338c   0x00012c00   Zero   RW         7701    .bss                heap_4.o
    0x20015f8c   0x00000004   PAD
    0x20015f90   0x00000400   Zero   RW         6749    STACK               startup_stm32f40_41xxx.o


==============================================================================

Image component sizes


      Code (inc. data)   RO Data    RW Data    ZI Data      Debug   Object Name

      1708         30        246          0       5984       7349   algorithm.o
       272         56        169          0        260       2272   asrpro.o
        84         20          0          0          0       1321   beep.o
         0          0          0          0          0      13404   event_groups.o
        92         12          0          0          0       1402   fan.o
       724         74          0         32      76800       4351   heap_4.o
       772         52          0          0          0       2947   i2c.o
       140          6          0          0          0        643   key.o
      1188         66          0       2182          0       8639   lcd.o
       264         20          0          0          0       1392   led.o
       148          0          0          0          0       3158   list.o
       230         40         22          8          0       4883   m74hc595.o
        10          0          0          6         32     332778   main.o
      1304        164          0         37       4000       9456   max30102.o
       140         24          0          0          0       1655   misc.o
      1230        462          0         40          0       5784   myfreertos.o
      1014         92          0         12          0      11233   port.o
      2646         28          0          0         64      19652   queue.o
       294         32          0          2          0       5923   sg90.o
       654        108          0          0         16       3677   sht20.o
       240         14          0          0          0       1143   spi.o
        36          8        392          0       1024        912   startup_stm32f40_41xxx.o
       184         16          0          0          0       2232   stm32f4xx_exti.o
       230          0          0          0          0       3633   stm32f4xx_gpio.o
       506         14          0          0          0       8322   stm32f4xx_i2c.o
      1004        120          0          4          0       7329   stm32f4xx_it.o
       328         36          0         16          0       4843   stm32f4xx_rcc.o
       112          0          0          0          0       3688   stm32f4xx_spi.o
        64          4          0          0          0        684   stm32f4xx_syscfg.o
       972         66          0          0          0      15383   stm32f4xx_tim.o
       478          8          0          0          0       6973   stm32f4xx_usart.o
       340         32          0         20          0       2069   system_stm32f4xx.o
      4620        516          0         60        220      35301   tasks.o
       670         30          0          0          0       4003   tim.o
      1226        116          0         20         40      22663   timers.o
       636         32          0          0          0       3440   usart.o
      1736        358          0         13        116       8847   wifi.o

    ----------------------------------------------------------------------
     26346       2656        866       2460      88560     573384   Object Totals
         0          0         32          0          0          0   (incl. Generated)
        50          0          5          8          4          0   (incl. Padding)

    ----------------------------------------------------------------------

      Code (inc. data)   RO Data    RW Data    ZI Data      Debug   Library Member Name

        56          8          0          0          0         84   __0sscanf.o
        86          0          0          0          0          0   __dczerorl2.o
       812          4          0          0          0        112   _scanf.o
       224          0          0          0          0         96   _scanf_str.o
        64          0          0          0          0         84   _sgetc.o
         8          4        133          0          0         68   ctype_o.o
         0          0          0          0          0          0   entry.o
         0          0          0          0          0          0   entry10a.o
         0          0          0          0          0          0   entry11a.o
         8          4          0          0          0          0   entry2.o
         4          0          0          0          0          0   entry5.o
         0          0          0          0          0          0   entry7b.o
         0          0          0          0          0          0   entry8b.o
         8          4          0          0          0          0   entry9a.o
        30          0          0          0          0          0   handlers.o
        36          8          0          0          0         68   init.o
        18          0          0          0          0         76   isspace_o.o
         0          0          0          0          0          0   iusefp.o
        30          0          0          0          0         68   llshl.o
        36          0          0          0          0         68   llsshr.o
        32          0          0          0          0         68   llushr.o
        36          0          0          0          0         68   memcpya.o
        36          0          0          0          0        108   memseta.o
      2276         96          0          0          0        596   printfa.o
        40          8          0          0          0         84   scanf_char.o
         0          0          0          4          0          0   stdout.o
        28          0          0          0          0         76   strcmp.o
        14          0          0          0          0         68   strlen.o
        36          0          0          0          0         80   strstr.o
        44          0          0          0          0         80   uidiv.o
        98          0          0          0          0         92   uldiv.o
        48          0          0          0          0         68   cdrcmple.o
        56          0          0          0          0         88   d2f.o
       334          0          0          0          0        148   dadd.o
       222          0          0          0          0        100   ddiv.o
       186          0          0          0          0        176   depilogue.o
        48          0          0          0          0         68   dfixul.o
       228          0          0          0          0         96   dmul.o
        38          0          0          0          0         68   f2d.o
       110          0          0          0          0        168   fepilogue.o

    ----------------------------------------------------------------------
      5334        136        134          4          0       3024   Library Totals
         4          0          1          0          0          0   (incl. Padding)

    ----------------------------------------------------------------------

      Code (inc. data)   RO Data    RW Data    ZI Data      Debug   Library Name

      4060        136        133          4          0       2044   mc_w.l
      1270          0          0          0          0        980   mf_w.l

    ----------------------------------------------------------------------
      5334        136        134          4          0       3024   Library Totals

    ----------------------------------------------------------------------

==============================================================================


      Code (inc. data)   RO Data    RW Data    ZI Data      Debug   

     31680       2792       1000       2464      88560     549132   Grand Totals
     31680       2792       1000       1088      88560     549132   ELF Image Totals (compressed)
     31680       2792       1000       1088          0          0   ROM Totals

==============================================================================

    Total RO  Size (Code + RO Data)                32680 (  31.91kB)
    Total RW  Size (RW Data + ZI Data)             91024 (  88.89kB)
    Total ROM Size (Code + RO Data + RW Data)      33768 (  32.98kB)

==============================================================================

